2026-08-16 13:51:48,023 INFO o.a.j.u.JMeterUtils: Setting Locale to en_EN
2026-08-16 13:51:48,112 INFO o.a.j.JMeter: Loading user properties from: /opt/homebrew/Cellar/jmeter/5.6.3/libexec/bin/user.properties
2026-08-16 13:51:48,113 INFO o.a.j.JMeter: Loading system properties from: /opt/homebrew/Cellar/jmeter/5.6.3/libexec/bin/system.properties
2026-08-16 13:51:48,114 INFO o.a.j.JMeter: Setting JMeter property: load_threads=100
2026-08-16 13:51:48,114 INFO o.a.j.JMeter: Setting JMeter property: load_ramp=60
2026-08-16 13:51:48,114 INFO o.a.j.JMeter: Setting JMeter property: load_duration=600
2026-08-16 13:51:48,126 INFO o.a.j.JMeter: Copyright (c) 1998-2024 The Apache Software Foundation
2026-08-16 13:51:48,126 INFO o.a.j.JMeter: Version 5.6.3
2026-08-16 13:51:48,126 INFO o.a.j.JMeter: java.version=21.0.7
2026-08-16 13:51:48,126 INFO o.a.j.JMeter: java.vm.name=OpenJDK 64-Bit Server VM
2026-08-16 13:51:48,127 INFO o.a.j.JMeter: os.name=Mac OS X
2026-08-16 13:51:48,127 INFO o.a.j.JMeter: os.arch=aarch64
2026-08-16 13:51:48,127 INFO o.a.j.JMeter: os.version=15.7.3
2026-08-16 13:51:48,127 INFO o.a.j.JMeter: file.encoding=UTF-8
2026-08-16 13:51:48,127 INFO o.a.j.JMeter: java.awt.headless=true
2026-08-16 13:51:48,127 INFO o.a.j.JMeter: Max memory     =1073741824
2026-08-16 13:51:48,128 INFO o.a.j.JMeter: Available Processors =8
2026-08-16 13:51:48,149 INFO o.a.j.JMeter: Default Locale=English (EN)
2026-08-16 13:51:48,149 INFO o.a.j.JMeter: JMeter  Locale=English (EN)
2026-08-16 13:51:48,150 INFO o.a.j.JMeter: JMeterHome=/opt/homebrew/Cellar/jmeter/5.6.3/libexec
2026-08-16 13:51:48,150 INFO o.a.j.JMeter: user.dir  =/Users/nguyenphanthangthong/hacking/ctf/learning/hw05
2026-08-16 13:51:48,150 INFO o.a.j.JMeter: PWD       =/Users/nguyenphanthangthong/hacking/ctf/learning/hw05
2026-08-16 13:51:48,154 INFO o.a.j.JMeter: IP: 127.0.0.1 Name: MacBook-Pro-cua-HuLi.local FullName: localhost
2026-08-16 13:51:48,182 INFO o.a.j.JMeter: Setting property 'jmeter.reportgenerator.outputdir' to:'/Users/nguyenphanthangthong/hacking/ctf/learning/hw05/results/endurance_html'
2026-08-16 13:51:48,192 INFO o.a.j.s.FileServer: Default base='/Users/nguyenphanthangthong/hacking/ctf/learning/hw05'
2026-08-16 13:51:48,195 INFO o.a.j.s.FileServer: Set new base='/Users/nguyenphanthangthong/hacking/ctf/learning/hw05/test-plans'
2026-08-16 13:51:48,582 INFO o.a.j.s.SaveService: Testplan (JMX) version: 2.2. Testlog (JTL) version: 2.2
2026-08-16 13:51:48,676 INFO o.a.j.s.SaveService: Using SaveService properties version 5.0
2026-08-16 13:51:48,684 INFO o.a.j.s.SaveService: Using SaveService properties file encoding UTF-8
2026-08-16 13:51:48,695 INFO o.a.j.s.SaveService: Loading file: test-plans/23127081_Load_20260816.jmx
2026-08-16 13:51:48,850 INFO o.a.j.p.h.s.HTTPSamplerBase: Parser for text/html is org.apache.jmeter.protocol.http.parser.LagartoBasedHtmlParser
2026-08-16 13:51:48,850 INFO o.a.j.p.h.s.HTTPSamplerBase: Parser for application/xhtml+xml is org.apache.jmeter.protocol.http.parser.LagartoBasedHtmlParser
2026-08-16 13:51:48,850 INFO o.a.j.p.h.s.HTTPSamplerBase: Parser for application/xml is org.apache.jmeter.protocol.http.parser.LagartoBasedHtmlParser
2026-08-16 13:51:48,850 INFO o.a.j.p.h.s.HTTPSamplerBase: Parser for text/xml is org.apache.jmeter.protocol.http.parser.LagartoBasedHtmlParser
2026-08-16 13:51:48,850 INFO o.a.j.p.h.s.HTTPSamplerBase: Parser for text/vnd.wap.wml is org.apache.jmeter.protocol.http.parser.RegexpHTMLParser
2026-08-16 13:51:48,850 INFO o.a.j.p.h.s.HTTPSamplerBase: Parser for text/css is org.apache.jmeter.protocol.http.parser.CssParser
2026-08-16 13:51:48,885 INFO o.a.j.JMeter: Creating summariser <summary>
2026-08-16 13:51:48,896 INFO o.a.j.r.d.ReportGenerator: ReportGenerator will use for Parsing the separator: ','
2026-08-16 13:51:48,897 INFO o.a.j.r.d.ReportGenerator: Will generate report at end of test from  results file: results/endurance.jtl
2026-08-16 13:51:48,897 INFO o.a.j.r.d.ReportGenerator: Reading report generator properties from: /opt/homebrew/Cellar/jmeter/5.6.3/libexec/bin/reportgenerator.properties
2026-08-16 13:51:48,898 INFO o.a.j.r.d.ReportGenerator: Merging with JMeter properties
2026-08-16 13:51:48,905 INFO o.a.j.r.c.ReportGeneratorConfiguration: Property 'jmeter.reportgenerator.temp_dir' not found, using default value 'temp' instead.
2026-08-16 13:51:48,909 INFO o.a.j.r.c.ReportGeneratorConfiguration: Property 'jmeter.reportgenerator.apdex_per_transaction' not found, using default value 'null' instead.
2026-08-16 13:51:48,909 INFO o.a.j.r.c.ReportGeneratorConfiguration: apdex_per_transaction is empty, not APDEX per transaction customization
2026-08-16 13:51:48,909 INFO o.a.j.r.c.ReportGeneratorConfiguration: Property 'jmeter.reportgenerator.sample_filter' not found, using default value 'null' instead.
2026-08-16 13:51:48,909 INFO o.a.j.r.c.ReportGeneratorConfiguration: Property 'jmeter.reportgenerator.report_title' not found, using default value 'null' instead.
2026-08-16 13:51:48,909 INFO o.a.j.r.c.ReportGeneratorConfiguration: Property 'jmeter.reportgenerator.start_date' not found, using default value 'null' instead.
2026-08-16 13:51:48,910 INFO o.a.j.r.c.ReportGeneratorConfiguration: Property 'jmeter.reportgenerator.end_date' not found, using default value 'null' instead.
2026-08-16 13:51:48,910 INFO o.a.j.r.c.ReportGeneratorConfiguration: Property 'jmeter.reportgenerator.date_format' not found, using default value 'null' instead.
2026-08-16 13:51:48,910 INFO o.a.j.r.c.ReportGeneratorConfiguration: Will use date range start date: null, end date: null
2026-08-16 13:51:48,915 INFO o.a.j.r.c.ReportGeneratorConfiguration: Property 'jmeter.reportgenerator.graph.totalTPS.exclude_controllers' not found, using default value 'false' instead.
2026-08-16 13:51:48,916 INFO o.a.j.r.c.ReportGeneratorConfiguration: Property 'jmeter.reportgenerator.graph.activeThreadsOverTime.exclude_controllers' not found, using default value 'false' instead.
2026-08-16 13:51:48,916 INFO o.a.j.r.c.ReportGeneratorConfiguration: Property 'jmeter.reportgenerator.graph.timeVsThreads.exclude_controllers' not found, using default value 'false' instead.
2026-08-16 13:51:48,916 INFO o.a.j.r.c.ReportGeneratorConfiguration: Property 'jmeter.reportgenerator.graph.responseTimeDistribution.exclude_controllers' not found, using default value 'false' instead.
2026-08-16 13:51:48,916 INFO o.a.j.r.c.ReportGeneratorConfiguration: Property 'jmeter.reportgenerator.graph.transactionsPerSecond.exclude_controllers' not found, using default value 'false' instead.
2026-08-16 13:51:48,917 INFO o.a.j.r.c.ReportGeneratorConfiguration: Property 'jmeter.reportgenerator.graph.responseTimePercentiles.exclude_controllers' not found, using default value 'false' instead.
2026-08-16 13:51:48,917 INFO o.a.j.r.c.ReportGeneratorConfiguration: Property 'jmeter.reportgenerator.graph.responseTimePercentilesOverTime.exclude_controllers' not found, using default value 'false' instead.
2026-08-16 13:51:48,917 INFO o.a.j.r.c.ReportGeneratorConfiguration: Property 'jmeter.reportgenerator.graph.responseTimesOverTime.exclude_controllers' not found, using default value 'false' instead.
2026-08-16 13:51:48,917 INFO o.a.j.r.c.ReportGeneratorConfiguration: Property 'jmeter.reportgenerator.graph.connectTimeOverTime.exclude_controllers' not found, using default value 'false' instead.
2026-08-16 13:51:48,918 INFO o.a.j.r.c.ReportGeneratorConfiguration: Property 'jmeter.reportgenerator.graph.latenciesOverTime.exclude_controllers' not found, using default value 'false' instead.
2026-08-16 13:51:48,919 INFO o.a.j.r.c.ReportGeneratorConfiguration: Property 'jmeter.reportgenerator.exporter.json.filters_only_sample_series' not found, using default value 'true' instead.
2026-08-16 13:51:48,919 INFO o.a.j.r.c.ReportGeneratorConfiguration: Property 'jmeter.reportgenerator.exporter.json.series_filter' not found, using default value '' instead.
2026-08-16 13:51:48,919 INFO o.a.j.r.c.ReportGeneratorConfiguration: Property 'jmeter.reportgenerator.exporter.json.show_controllers_only' not found, using default value 'false' instead.
2026-08-16 13:51:48,920 INFO o.a.j.r.c.ReportGeneratorConfiguration: Property 'jmeter.reportgenerator.exporter.html.filters_only_sample_series' not found, using default value 'true' instead.
2026-08-16 13:51:48,920 INFO o.a.j.r.c.ReportGeneratorConfiguration: Property 'jmeter.reportgenerator.exporter.html.series_filter' not found, using default value '' instead.
2026-08-16 13:51:48,920 INFO o.a.j.r.c.ReportGeneratorConfiguration: Property 'jmeter.reportgenerator.exporter.html.show_controllers_only' not found, using default value 'false' instead.
2026-08-16 13:51:48,940 INFO o.a.j.e.StandardJMeterEngine: Running the test!
2026-08-16 13:51:48,941 INFO o.a.j.s.SampleEvent: List of sample_variables: []
2026-08-16 13:51:48,942 INFO o.a.j.s.SampleEvent: List of sample_variables: []
2026-08-16 13:51:48,950 INFO o.a.j.e.u.CompoundVariable: Note: Function class names must contain the string: '.functions.'
2026-08-16 13:51:48,950 INFO o.a.j.e.u.CompoundVariable: Note: Function class names must not contain the string: '.gui.'
2026-08-16 13:51:49,065 INFO o.a.j.r.ClassFinder: Will scan jar /opt/homebrew/Cellar/jmeter/5.6.3/libexec/lib/ext/jmeter-plugins-manager-1.9.jar with filter ExtendsClassFilter [parents=[interface org.apache.jmeter.functions.Function], inner=false, contains=null, notContains=null]. Consider exposing JMeter plugins via META-INF/services, and add JMeter-Skip-Class-Scanning=true manifest attribute so JMeter can skip classfile scanning
2026-08-16 13:51:49,239 INFO o.a.j.JMeter: Running test (1786863109238)
2026-08-16 13:51:49,263 INFO o.a.j.e.StandardJMeterEngine: Starting ThreadGroup: 1 : 20 read users for five minutes
2026-08-16 13:51:49,264 INFO o.a.j.e.StandardJMeterEngine: Starting 100 threads for group 20 read users for five minutes.
2026-08-16 13:51:49,264 INFO o.a.j.e.StandardJMeterEngine: Thread will continue on error
2026-08-16 13:51:49,264 INFO o.a.j.t.ThreadGroup: Starting thread group... number=1 threads=100 ramp-up=60 delayedStart=false
2026-08-16 13:51:49,378 INFO o.a.j.t.JMeterThread: Thread started: 20 read users for five minutes 1-1
2026-08-16 13:51:49,380 INFO o.a.j.s.FileServer: Stored: test-data/read_input.csv
2026-08-16 13:51:49,384 INFO o.a.j.t.ThreadGroup: Started thread group number 1
2026-08-16 13:51:49,384 INFO o.a.j.e.StandardJMeterEngine: All thread groups have been started
2026-08-16 13:51:49,982 INFO o.a.j.t.JMeterThread: Thread started: 20 read users for five minutes 1-2
2026-08-16 13:51:50,428 INFO o.a.j.p.h.s.HTTPHCAbstractImpl: Local host = MacBook-Pro-cua-HuLi.local
2026-08-16 13:51:50,437 INFO o.a.j.p.h.s.HTTPHC4Impl: HTTP request retry count = 0
2026-08-16 13:51:50,440 INFO o.a.j.s.SampleResult: Note: Sample TimeStamps are START times
2026-08-16 13:51:50,440 INFO o.a.j.s.SampleResult: sampleresult.default.encoding is set to UTF-8
2026-08-16 13:51:50,440 INFO o.a.j.s.SampleResult: sampleresult.useNanoTime=true
2026-08-16 13:51:50,440 INFO o.a.j.s.SampleResult: sampleresult.nanoThreadSleep=5000
2026-08-16 13:51:50,573 INFO o.a.j.t.JMeterThread: Thread started: 20 read users for five minutes 1-3
2026-08-16 13:51:51,177 INFO o.a.j.t.JMeterThread: Thread started: 20 read users for five minutes 1-4
2026-08-16 13:51:51,778 INFO o.a.j.t.JMeterThread: Thread started: 20 read users for five minutes 1-5
2026-08-16 13:51:52,377 INFO o.a.j.t.JMeterThread: Thread started: 20 read users for five minutes 1-6
2026-08-16 13:51:52,968 INFO o.a.j.t.JMeterThread: Thread started: 20 read users for five minutes 1-7
2026-08-16 13:51:53,569 INFO o.a.j.t.JMeterThread: Thread started: 20 read users for five minutes 1-8
2026-08-16 13:51:54,169 INFO o.a.j.t.JMeterThread: Thread started: 20 read users for five minutes 1-9
2026-08-16 13:51:54,771 INFO o.a.j.t.JMeterThread: Thread started: 20 read users for five minutes 1-10
2026-08-16 13:51:55,370 INFO o.a.j.t.JMeterThread: Thread started: 20 read users for five minutes 1-11
2026-08-16 13:51:55,970 INFO o.a.j.t.JMeterThread: Thread started: 20 read users for five minutes 1-12
2026-08-16 13:51:56,563 INFO o.a.j.t.JMeterThread: Thread started: 20 read users for five minutes 1-13
2026-08-16 13:51:57,163 INFO o.a.j.t.JMeterThread: Thread started: 20 read users for five minutes 1-14
2026-08-16 13:51:57,767 INFO o.a.j.t.JMeterThread: Thread started: 20 read users for five minutes 1-15
2026-08-16 13:51:58,365 INFO o.a.j.t.JMeterThread: Thread started: 20 read users for five minutes 1-16
2026-08-16 13:51:58,957 INFO o.a.j.t.JMeterThread: Thread started: 20 read users for five minutes 1-17
2026-08-16 13:51:59,567 INFO o.a.j.t.JMeterThread: Thread started: 20 read users for five minutes 1-18
2026-08-16 13:52:00,045 INFO o.a.j.r.Summariser: summary +     90 in 00:00:11 =    8.3/s Avg:     5 Min:     1 Max:    69 Err:     0 (0.00%) Active: 18 Started: 18 Finished: 0
2026-08-16 13:52:00,155 INFO o.a.j.t.JMeterThread: Thread started: 20 read users for five minutes 1-19
2026-08-16 13:52:00,776 INFO o.a.j.t.JMeterThread: Thread started: 20 read users for five minutes 1-20
2026-08-16 13:52:01,356 INFO o.a.j.t.JMeterThread: Thread started: 20 read users for five minutes 1-21
2026-08-16 13:52:01,950 INFO o.a.j.t.JMeterThread: Thread started: 20 read users for five minutes 1-22
2026-08-16 13:52:02,553 INFO o.a.j.t.JMeterThread: Thread started: 20 read users for five minutes 1-23
2026-08-16 13:52:03,159 INFO o.a.j.t.JMeterThread: Thread started: 20 read users for five minutes 1-24
2026-08-16 13:52:03,751 INFO o.a.j.t.JMeterThread: Thread started: 20 read users for five minutes 1-25
2026-08-16 13:52:04,352 INFO o.a.j.t.JMeterThread: Thread started: 20 read users for five minutes 1-26
2026-08-16 13:52:04,949 INFO o.a.j.t.JMeterThread: Thread started: 20 read users for five minutes 1-27
2026-08-16 13:52:05,553 INFO o.a.j.t.JMeterThread: Thread started: 20 read users for five minutes 1-28
2026-08-16 13:52:06,157 INFO o.a.j.t.JMeterThread: Thread started: 20 read users for five minutes 1-29
2026-08-16 13:52:06,755 INFO o.a.j.t.JMeterThread: Thread started: 20 read users for five minutes 1-30
2026-08-16 13:52:07,352 INFO o.a.j.t.JMeterThread: Thread started: 20 read users for five minutes 1-31
2026-08-16 13:52:07,955 INFO o.a.j.t.JMeterThread: Thread started: 20 read users for five minutes 1-32
2026-08-16 13:52:08,558 INFO o.a.j.t.JMeterThread: Thread started: 20 read users for five minutes 1-33
2026-08-16 13:52:09,171 INFO o.a.j.t.JMeterThread: Thread started: 20 read users for five minutes 1-34
2026-08-16 13:52:09,743 INFO o.a.j.t.JMeterThread: Thread started: 20 read users for five minutes 1-35
2026-08-16 13:52:10,343 INFO o.a.j.t.JMeterThread: Thread started: 20 read users for five minutes 1-36
2026-08-16 13:52:10,935 INFO o.a.j.t.JMeterThread: Thread started: 20 read users for five minutes 1-37
2026-08-16 13:52:11,532 INFO o.a.j.t.JMeterThread: Thread started: 20 read users for five minutes 1-38
2026-08-16 13:52:12,131 INFO o.a.j.t.JMeterThread: Thread started: 20 read users for five minutes 1-39
2026-08-16 13:52:12,730 INFO o.a.j.t.JMeterThread: Thread started: 20 read users for five minutes 1-40
2026-08-16 13:52:13,330 INFO o.a.j.t.JMeterThread: Thread started: 20 read users for five minutes 1-41
2026-08-16 13:52:13,940 INFO o.a.j.t.JMeterThread: Thread started: 20 read users for five minutes 1-42
2026-08-16 13:52:14,566 INFO o.a.j.t.JMeterThread: Thread started: 20 read users for five minutes 1-43
2026-08-16 13:52:15,126 INFO o.a.j.t.JMeterThread: Thread started: 20 read users for five minutes 1-44
2026-08-16 13:52:15,717 INFO o.a.j.t.JMeterThread: Thread started: 20 read users for five minutes 1-45
2026-08-16 13:52:16,317 INFO o.a.j.t.JMeterThread: Thread started: 20 read users for five minutes 1-46
2026-08-16 13:52:16,920 INFO o.a.j.t.JMeterThread: Thread started: 20 read users for five minutes 1-47
2026-08-16 13:52:17,520 INFO o.a.j.t.JMeterThread: Thread started: 20 read users for five minutes 1-48
2026-08-16 13:52:18,110 INFO o.a.j.t.JMeterThread: Thread started: 20 read users for five minutes 1-49
2026-08-16 13:52:18,703 INFO o.a.j.t.JMeterThread: Thread started: 20 read users for five minutes 1-50
2026-08-16 13:52:19,303 INFO o.a.j.t.JMeterThread: Thread started: 20 read users for five minutes 1-51
2026-08-16 13:52:19,903 INFO o.a.j.t.JMeterThread: Thread started: 20 read users for five minutes 1-52
2026-08-16 13:52:20,501 INFO o.a.j.t.JMeterThread: Thread started: 20 read users for five minutes 1-53
2026-08-16 13:52:21,105 INFO o.a.j.t.JMeterThread: Thread started: 20 read users for five minutes 1-54
2026-08-16 13:52:21,714 INFO o.a.j.t.JMeterThread: Thread started: 20 read users for five minutes 1-55
2026-08-16 13:52:22,300 INFO o.a.j.t.JMeterThread: Thread started: 20 read users for five minutes 1-56
2026-08-16 13:52:22,901 INFO o.a.j.t.JMeterThread: Thread started: 20 read users for five minutes 1-57
2026-08-16 13:52:23,500 INFO o.a.j.t.JMeterThread: Thread started: 20 read users for five minutes 1-58
2026-08-16 13:52:24,097 INFO o.a.j.t.JMeterThread: Thread started: 20 read users for five minutes 1-59
2026-08-16 13:52:24,695 INFO o.a.j.t.JMeterThread: Thread started: 20 read users for five minutes 1-60
2026-08-16 13:52:25,297 INFO o.a.j.t.JMeterThread: Thread started: 20 read users for five minutes 1-61
2026-08-16 13:52:25,896 INFO o.a.j.t.JMeterThread: Thread started: 20 read users for five minutes 1-62
2026-08-16 13:52:26,497 INFO o.a.j.t.JMeterThread: Thread started: 20 read users for five minutes 1-63
2026-08-16 13:52:27,096 INFO o.a.j.t.JMeterThread: Thread started: 20 read users for five minutes 1-64
2026-08-16 13:52:27,694 INFO o.a.j.t.JMeterThread: Thread started: 20 read users for five minutes 1-65
2026-08-16 13:52:28,295 INFO o.a.j.t.JMeterThread: Thread started: 20 read users for five minutes 1-66
2026-08-16 13:52:28,891 INFO o.a.j.t.JMeterThread: Thread started: 20 read users for five minutes 1-67
2026-08-16 13:52:29,491 INFO o.a.j.t.JMeterThread: Thread started: 20 read users for five minutes 1-68
2026-08-16 13:52:30,020 INFO o.a.j.r.Summariser: summary +   1249 in 00:00:30 =   41.7/s Avg:    13 Min:     0 Max:   254 Err:     0 (0.00%) Active: 68 Started: 68 Finished: 0
2026-08-16 13:52:30,022 INFO o.a.j.r.Summariser: summary =   1339 in 00:00:41 =   32.8/s Avg:    13 Min:     0 Max:   254 Err:     0 (0.00%)
2026-08-16 13:52:30,088 INFO o.a.j.t.JMeterThread: Thread started: 20 read users for five minutes 1-69
2026-08-16 13:52:30,689 INFO o.a.j.t.JMeterThread: Thread started: 20 read users for five minutes 1-70
2026-08-16 13:52:31,294 INFO o.a.j.t.JMeterThread: Thread started: 20 read users for five minutes 1-71
2026-08-16 13:52:31,890 INFO o.a.j.t.JMeterThread: Thread started: 20 read users for five minutes 1-72
2026-08-16 13:52:32,488 INFO o.a.j.t.JMeterThread: Thread started: 20 read users for five minutes 1-73
2026-08-16 13:52:33,125 INFO o.a.j.t.JMeterThread: Thread started: 20 read users for five minutes 1-74
2026-08-16 13:52:33,692 INFO o.a.j.t.JMeterThread: Thread started: 20 read users for five minutes 1-75
2026-08-16 13:52:34,291 INFO o.a.j.t.JMeterThread: Thread started: 20 read users for five minutes 1-76
2026-08-16 13:52:34,892 INFO o.a.j.t.JMeterThread: Thread started: 20 read users for five minutes 1-77
2026-08-16 13:52:35,490 INFO o.a.j.t.JMeterThread: Thread started: 20 read users for five minutes 1-78
2026-08-16 13:52:36,081 INFO o.a.j.t.JMeterThread: Thread started: 20 read users for five minutes 1-79
2026-08-16 13:52:36,687 INFO o.a.j.t.JMeterThread: Thread started: 20 read users for five minutes 1-80
2026-08-16 13:52:37,286 INFO o.a.j.t.JMeterThread: Thread started: 20 read users for five minutes 1-81
2026-08-16 13:52:37,880 INFO o.a.j.t.JMeterThread: Thread started: 20 read users for five minutes 1-82
2026-08-16 13:52:38,477 INFO o.a.j.t.JMeterThread: Thread started: 20 read users for five minutes 1-83
2026-08-16 13:52:39,083 INFO o.a.j.t.JMeterThread: Thread started: 20 read users for five minutes 1-84
2026-08-16 13:52:39,677 INFO o.a.j.t.JMeterThread: Thread started: 20 read users for five minutes 1-85
2026-08-16 13:52:40,278 INFO o.a.j.t.JMeterThread: Thread started: 20 read users for five minutes 1-86
2026-08-16 13:52:40,887 INFO o.a.j.t.JMeterThread: Thread started: 20 read users for five minutes 1-87
2026-08-16 13:52:41,472 INFO o.a.j.t.JMeterThread: Thread started: 20 read users for five minutes 1-88
2026-08-16 13:52:42,074 INFO o.a.j.t.JMeterThread: Thread started: 20 read users for five minutes 1-89
2026-08-16 13:52:42,669 INFO o.a.j.t.JMeterThread: Thread started: 20 read users for five minutes 1-90
2026-08-16 13:52:43,269 INFO o.a.j.t.JMeterThread: Thread started: 20 read users for five minutes 1-91
2026-08-16 13:52:43,872 INFO o.a.j.t.JMeterThread: Thread started: 20 read users for five minutes 1-92
2026-08-16 13:52:44,475 INFO o.a.j.t.JMeterThread: Thread started: 20 read users for five minutes 1-93
2026-08-16 13:52:45,074 INFO o.a.j.t.JMeterThread: Thread started: 20 read users for five minutes 1-94
2026-08-16 13:52:45,673 INFO o.a.j.t.JMeterThread: Thread started: 20 read users for five minutes 1-95
2026-08-16 13:52:46,270 INFO o.a.j.t.JMeterThread: Thread started: 20 read users for five minutes 1-96
2026-08-16 13:52:46,881 INFO o.a.j.t.JMeterThread: Thread started: 20 read users for five minutes 1-97
2026-08-16 13:52:47,469 INFO o.a.j.t.JMeterThread: Thread started: 20 read users for five minutes 1-98
2026-08-16 13:52:48,071 INFO o.a.j.t.JMeterThread: Thread started: 20 read users for five minutes 1-99
2026-08-16 13:52:48,673 INFO o.a.j.t.JMeterThread: Thread started: 20 read users for five minutes 1-100
2026-08-16 13:53:00,097 INFO o.a.j.r.Summariser: summary +   2571 in 00:00:30 =   85.5/s Avg:    33 Min:     0 Max:   653 Err:     0 (0.00%) Active: 100 Started: 100 Finished: 0
2026-08-16 13:53:00,103 INFO o.a.j.r.Summariser: summary =   3910 in 00:01:11 =   55.2/s Avg:    26 Min:     0 Max:   653 Err:     0 (0.00%)
2026-08-16 13:53:30,012 INFO o.a.j.r.Summariser: summary +   2909 in 00:00:30 =   97.2/s Avg:    17 Min:     0 Max:   285 Err:     0 (0.00%) Active: 100 Started: 100 Finished: 0
2026-08-16 13:53:30,013 INFO o.a.j.r.Summariser: summary =   6819 in 00:01:41 =   67.7/s Avg:    22 Min:     0 Max:   653 Err:     0 (0.00%)
2026-08-16 13:54:00,019 INFO o.a.j.r.Summariser: summary +   2993 in 00:00:30 =   99.7/s Avg:    15 Min:     0 Max:   365 Err:     0 (0.00%) Active: 100 Started: 100 Finished: 0
2026-08-16 13:54:00,020 INFO o.a.j.r.Summariser: summary =   9812 in 00:02:11 =   75.0/s Avg:    20 Min:     0 Max:   653 Err:     0 (0.00%)
2026-08-16 13:54:30,014 INFO o.a.j.r.Summariser: summary +   2940 in 00:00:30 =   98.0/s Avg:     6 Min:     0 Max:   224 Err:     0 (0.00%) Active: 100 Started: 100 Finished: 0
2026-08-16 13:54:30,016 INFO o.a.j.r.Summariser: summary =  12752 in 00:02:41 =   79.3/s Avg:    17 Min:     0 Max:   653 Err:     0 (0.00%)
2026-08-16 13:55:00,253 INFO o.a.j.r.Summariser: summary +   2968 in 00:00:30 =   98.2/s Avg:    10 Min:     0 Max:   126 Err:     0 (0.00%) Active: 100 Started: 100 Finished: 0
2026-08-16 13:55:00,257 INFO o.a.j.r.Summariser: summary =  15720 in 00:03:11 =   82.3/s Avg:    15 Min:     0 Max:   653 Err:     0 (0.00%)
2026-08-16 13:55:30,039 INFO o.a.j.r.Summariser: summary +   2960 in 00:00:30 =   99.4/s Avg:     7 Min:     0 Max:   166 Err:     0 (0.00%) Active: 100 Started: 100 Finished: 0
2026-08-16 13:55:30,042 INFO o.a.j.r.Summariser: summary =  18680 in 00:03:41 =   84.6/s Avg:    14 Min:     0 Max:   653 Err:     0 (0.00%)
2026-08-16 13:56:00,094 INFO o.a.j.r.Summariser: summary +   2953 in 00:00:30 =   98.2/s Avg:     6 Min:     0 Max:    70 Err:     0 (0.00%) Active: 100 Started: 100 Finished: 0
2026-08-16 13:56:00,096 INFO o.a.j.r.Summariser: summary =  21633 in 00:04:11 =   86.2/s Avg:    13 Min:     0 Max:   653 Err:     0 (0.00%)
2026-08-16 13:56:30,071 INFO o.a.j.r.Summariser: summary +   2987 in 00:00:30 =   99.6/s Avg:     7 Min:     0 Max:    58 Err:     0 (0.00%) Active: 100 Started: 100 Finished: 0
2026-08-16 13:56:30,073 INFO o.a.j.r.Summariser: summary =  24620 in 00:04:41 =   87.7/s Avg:    12 Min:     0 Max:   653 Err:     0 (0.00%)
2026-08-16 13:57:00,034 INFO o.a.j.r.Summariser: summary +   2934 in 00:00:30 =   97.9/s Avg:     7 Min:     0 Max:    69 Err:     0 (0.00%) Active: 100 Started: 100 Finished: 0
2026-08-16 13:57:00,037 INFO o.a.j.r.Summariser: summary =  27554 in 00:05:11 =   88.7/s Avg:    12 Min:     0 Max:   653 Err:     0 (0.00%)
2026-08-16 13:57:30,003 INFO o.a.j.r.Summariser: summary +   2915 in 00:00:30 =   97.3/s Avg:    32 Min:     0 Max:   807 Err:     0 (0.00%) Active: 100 Started: 100 Finished: 0
2026-08-16 13:57:30,005 INFO o.a.j.r.Summariser: summary =  30469 in 00:05:41 =   89.4/s Avg:    14 Min:     0 Max:   807 Err:     0 (0.00%)
2026-08-16 13:58:00,107 INFO o.a.j.r.Summariser: summary +   2926 in 00:00:30 =   97.2/s Avg:    26 Min:     0 Max:   291 Err:     0 (0.00%) Active: 100 Started: 100 Finished: 0
2026-08-16 13:58:00,109 INFO o.a.j.r.Summariser: summary =  33395 in 00:06:11 =   90.0/s Avg:    15 Min:     0 Max:   807 Err:     0 (0.00%)
2026-08-16 13:58:30,020 INFO o.a.j.r.Summariser: summary +   2815 in 00:00:30 =   94.2/s Avg:    47 Min:     0 Max:   911 Err:     0 (0.00%) Active: 100 Started: 100 Finished: 0
2026-08-16 13:58:30,027 INFO o.a.j.r.Summariser: summary =  36210 in 00:06:41 =   90.4/s Avg:    17 Min:     0 Max:   911 Err:     0 (0.00%)
2026-08-16 13:59:00,040 INFO o.a.j.r.Summariser: summary +   2922 in 00:00:30 =   97.3/s Avg:    16 Min:     0 Max:   338 Err:     0 (0.00%) Active: 100 Started: 100 Finished: 0
2026-08-16 13:59:00,042 INFO o.a.j.r.Summariser: summary =  39132 in 00:07:11 =   90.8/s Avg:    17 Min:     0 Max:   911 Err:     0 (0.00%)
2026-08-16 13:59:30,006 INFO o.a.j.r.Summariser: summary +   2912 in 00:00:30 =   97.2/s Avg:    29 Min:     0 Max:   431 Err:     0 (0.00%) Active: 100 Started: 100 Finished: 0
2026-08-16 13:59:30,036 INFO o.a.j.r.Summariser: summary =  42044 in 00:07:41 =   91.2/s Avg:    18 Min:     0 Max:   911 Err:     0 (0.00%)
2026-08-16 14:00:00,012 INFO o.a.j.r.Summariser: summary +   2921 in 00:00:30 =   97.4/s Avg:    22 Min:     0 Max:   644 Err:     0 (0.00%) Active: 100 Started: 100 Finished: 0
2026-08-16 14:00:00,014 INFO o.a.j.r.Summariser: summary =  44965 in 00:08:11 =   91.6/s Avg:    18 Min:     0 Max:   911 Err:     0 (0.00%)
2026-08-16 14:00:30,065 INFO o.a.j.r.Summariser: summary +   2952 in 00:00:30 =   98.2/s Avg:    11 Min:     0 Max:   266 Err:     0 (0.00%) Active: 100 Started: 100 Finished: 0
2026-08-16 14:00:30,067 INFO o.a.j.r.Summariser: summary =  47917 in 00:08:41 =   92.0/s Avg:    18 Min:     0 Max:   911 Err:     0 (0.00%)
2026-08-16 14:01:00,083 INFO o.a.j.r.Summariser: summary +   2914 in 00:00:30 =   97.3/s Avg:    22 Min:     0 Max:  1031 Err:     0 (0.00%) Active: 100 Started: 100 Finished: 0
2026-08-16 14:01:00,102 INFO o.a.j.r.Summariser: summary =  50831 in 00:09:11 =   92.3/s Avg:    18 Min:     0 Max:  1031 Err:     0 (0.00%)
2026-08-16 14:01:30,056 INFO o.a.j.r.Summariser: summary +   2939 in 00:00:30 =   98.0/s Avg:    18 Min:     0 Max:   597 Err:     0 (0.00%) Active: 100 Started: 100 Finished: 0
2026-08-16 14:01:30,083 INFO o.a.j.r.Summariser: summary =  53770 in 00:09:41 =   92.6/s Avg:    18 Min:     0 Max:  1031 Err:     0 (0.00%)
2026-08-16 14:01:48,298 INFO o.a.j.t.JMeterThread: Thread finished: 20 read users for five minutes 1-3
2026-08-16 14:01:48,298 INFO o.a.j.t.JMeterThread: Thread finished: 20 read users for five minutes 1-5
2026-08-16 14:01:48,298 INFO o.a.j.t.JMeterThread: Thread finished: 20 read users for five minutes 1-21
2026-08-16 14:01:48,367 INFO o.a.j.t.JMeterThread: Thread finished: 20 read users for five minutes 1-75
2026-08-16 14:01:48,367 INFO o.a.j.t.JMeterThread: Thread finished: 20 read users for five minutes 1-39
2026-08-16 14:01:48,367 INFO o.a.j.t.JMeterThread: Thread finished: 20 read users for five minutes 1-43
2026-08-16 14:01:48,369 INFO o.a.j.t.JMeterThread: Thread finished: 20 read users for five minutes 1-28
2026-08-16 14:01:48,370 INFO o.a.j.t.JMeterThread: Thread finished: 20 read users for five minutes 1-83
2026-08-16 14:01:48,486 INFO o.a.j.t.JMeterThread: Thread finished: 20 read users for five minutes 1-4
2026-08-16 14:01:48,519 INFO o.a.j.t.JMeterThread: Thread finished: 20 read users for five minutes 1-96
2026-08-16 14:01:48,520 INFO o.a.j.t.JMeterThread: Thread finished: 20 read users for five minutes 1-57
2026-08-16 14:01:48,573 INFO o.a.j.t.JMeterThread: Thread finished: 20 read users for five minutes 1-14
2026-08-16 14:01:48,574 INFO o.a.j.t.JMeterThread: Thread finished: 20 read users for five minutes 1-97
2026-08-16 14:01:48,578 INFO o.a.j.t.JMeterThread: Thread finished: 20 read users for five minutes 1-13
2026-08-16 14:01:48,574 INFO o.a.j.t.JMeterThread: Thread finished: 20 read users for five minutes 1-18
2026-08-16 14:01:48,576 INFO o.a.j.t.JMeterThread: Thread finished: 20 read users for five minutes 1-86
2026-08-16 14:01:48,598 INFO o.a.j.t.JMeterThread: Thread finished: 20 read users for five minutes 1-100
2026-08-16 14:01:48,598 INFO o.a.j.t.JMeterThread: Thread finished: 20 read users for five minutes 1-54
2026-08-16 14:01:48,598 INFO o.a.j.t.JMeterThread: Thread finished: 20 read users for five minutes 1-85
2026-08-16 14:01:48,599 INFO o.a.j.t.JMeterThread: Thread finished: 20 read users for five minutes 1-27
2026-08-16 14:01:48,600 INFO o.a.j.t.JMeterThread: Thread finished: 20 read users for five minutes 1-1
2026-08-16 14:01:48,600 INFO o.a.j.t.JMeterThread: Thread finished: 20 read users for five minutes 1-51
2026-08-16 14:01:48,601 INFO o.a.j.t.JMeterThread: Thread finished: 20 read users for five minutes 1-16
2026-08-16 14:01:48,601 INFO o.a.j.t.JMeterThread: Thread finished: 20 read users for five minutes 1-68
2026-08-16 14:01:48,602 INFO o.a.j.t.JMeterThread: Thread finished: 20 read users for five minutes 1-17
2026-08-16 14:01:48,602 INFO o.a.j.t.JMeterThread: Thread finished: 20 read users for five minutes 1-8
2026-08-16 14:01:48,603 INFO o.a.j.t.JMeterThread: Thread finished: 20 read users for five minutes 1-25
2026-08-16 14:01:48,603 INFO o.a.j.t.JMeterThread: Thread finished: 20 read users for five minutes 1-60
2026-08-16 14:01:48,603 INFO o.a.j.t.JMeterThread: Thread finished: 20 read users for five minutes 1-64
2026-08-16 14:01:48,629 INFO o.a.j.t.JMeterThread: Thread finished: 20 read users for five minutes 1-65
2026-08-16 14:01:48,633 INFO o.a.j.t.JMeterThread: Thread finished: 20 read users for five minutes 1-32
2026-08-16 14:01:48,636 INFO o.a.j.t.JMeterThread: Thread finished: 20 read users for five minutes 1-30
2026-08-16 14:01:48,638 INFO o.a.j.t.JMeterThread: Thread finished: 20 read users for five minutes 1-26
2026-08-16 14:01:48,639 INFO o.a.j.t.JMeterThread: Thread finished: 20 read users for five minutes 1-44
2026-08-16 14:01:48,640 INFO o.a.j.t.JMeterThread: Thread finished: 20 read users for five minutes 1-74
2026-08-16 14:01:48,640 INFO o.a.j.t.JMeterThread: Thread finished: 20 read users for five minutes 1-11
2026-08-16 14:01:48,641 INFO o.a.j.t.JMeterThread: Thread finished: 20 read users for five minutes 1-93
2026-08-16 14:01:48,643 INFO o.a.j.t.JMeterThread: Thread finished: 20 read users for five minutes 1-49
2026-08-16 14:01:48,646 INFO o.a.j.t.JMeterThread: Thread finished: 20 read users for five minutes 1-62
2026-08-16 14:01:48,646 INFO o.a.j.t.JMeterThread: Thread finished: 20 read users for five minutes 1-12
2026-08-16 14:01:48,664 INFO o.a.j.t.JMeterThread: Thread finished: 20 read users for five minutes 1-71
2026-08-16 14:01:48,669 INFO o.a.j.t.JMeterThread: Thread finished: 20 read users for five minutes 1-2
2026-08-16 14:01:48,668 INFO o.a.j.t.JMeterThread: Thread finished: 20 read users for five minutes 1-91
2026-08-16 14:01:48,668 INFO o.a.j.t.JMeterThread: Thread finished: 20 read users for five minutes 1-38
2026-08-16 14:01:48,668 INFO o.a.j.t.JMeterThread: Thread finished: 20 read users for five minutes 1-19
2026-08-16 14:01:48,668 INFO o.a.j.t.JMeterThread: Thread finished: 20 read users for five minutes 1-73
2026-08-16 14:01:48,668 INFO o.a.j.t.JMeterThread: Thread finished: 20 read users for five minutes 1-23
2026-08-16 14:01:48,667 INFO o.a.j.t.JMeterThread: Thread finished: 20 read users for five minutes 1-29
2026-08-16 14:01:48,666 INFO o.a.j.t.JMeterThread: Thread finished: 20 read users for five minutes 1-92
2026-08-16 14:01:48,664 INFO o.a.j.t.JMeterThread: Thread finished: 20 read users for five minutes 1-46
2026-08-16 14:01:48,666 INFO o.a.j.t.JMeterThread: Thread finished: 20 read users for five minutes 1-67
2026-08-16 14:01:48,677 INFO o.a.j.t.JMeterThread: Thread finished: 20 read users for five minutes 1-15
2026-08-16 14:01:48,681 INFO o.a.j.t.JMeterThread: Thread finished: 20 read users for five minutes 1-55
2026-08-16 14:01:48,682 INFO o.a.j.t.JMeterThread: Thread finished: 20 read users for five minutes 1-7
2026-08-16 14:01:48,682 INFO o.a.j.t.JMeterThread: Thread finished: 20 read users for five minutes 1-42
2026-08-16 14:01:48,683 INFO o.a.j.t.JMeterThread: Thread finished: 20 read users for five minutes 1-69
2026-08-16 14:01:48,685 INFO o.a.j.t.JMeterThread: Thread finished: 20 read users for five minutes 1-80
2026-08-16 14:01:48,691 INFO o.a.j.t.JMeterThread: Thread finished: 20 read users for five minutes 1-87
2026-08-16 14:01:48,698 INFO o.a.j.t.JMeterThread: Thread finished: 20 read users for five minutes 1-58
2026-08-16 14:01:48,700 INFO o.a.j.t.JMeterThread: Thread finished: 20 read users for five minutes 1-84
2026-08-16 14:01:48,700 INFO o.a.j.t.JMeterThread: Thread finished: 20 read users for five minutes 1-88
2026-08-16 14:01:48,705 INFO o.a.j.t.JMeterThread: Thread finished: 20 read users for five minutes 1-10
2026-08-16 14:01:48,742 INFO o.a.j.t.JMeterThread: Thread finished: 20 read users for five minutes 1-37
2026-08-16 14:01:48,742 INFO o.a.j.t.JMeterThread: Thread finished: 20 read users for five minutes 1-56
2026-08-16 14:01:48,789 INFO o.a.j.t.JMeterThread: Thread finished: 20 read users for five minutes 1-90
2026-08-16 14:01:48,898 INFO o.a.j.t.JMeterThread: Thread finished: 20 read users for five minutes 1-34
2026-08-16 14:01:48,904 INFO o.a.j.t.JMeterThread: Thread finished: 20 read users for five minutes 1-79
2026-08-16 14:01:48,914 INFO o.a.j.t.JMeterThread: Thread finished: 20 read users for five minutes 1-89
2026-08-16 14:01:48,938 INFO o.a.j.t.JMeterThread: Thread finished: 20 read users for five minutes 1-24
2026-08-16 14:01:48,939 INFO o.a.j.t.JMeterThread: Thread finished: 20 read users for five minutes 1-53
2026-08-16 14:01:48,957 INFO o.a.j.t.JMeterThread: Thread finished: 20 read users for five minutes 1-95
2026-08-16 14:01:49,015 INFO o.a.j.t.JMeterThread: Thread finished: 20 read users for five minutes 1-9
2026-08-16 14:01:49,032 INFO o.a.j.t.JMeterThread: Thread finished: 20 read users for five minutes 1-59
2026-08-16 14:01:49,044 INFO o.a.j.t.JMeterThread: Thread finished: 20 read users for five minutes 1-22
2026-08-16 14:01:49,060 INFO o.a.j.t.JMeterThread: Thread finished: 20 read users for five minutes 1-72
2026-08-16 14:01:49,078 INFO o.a.j.t.JMeterThread: Thread finished: 20 read users for five minutes 1-78
2026-08-16 14:01:49,125 INFO o.a.j.t.JMeterThread: Thread finished: 20 read users for five minutes 1-41
2026-08-16 14:01:49,133 INFO o.a.j.t.JMeterThread: Thread finished: 20 read users for five minutes 1-33
2026-08-16 14:01:49,135 INFO o.a.j.t.JMeterThread: Thread finished: 20 read users for five minutes 1-45
2026-08-16 14:01:49,136 INFO o.a.j.t.JMeterThread: Thread finished: 20 read users for five minutes 1-36
2026-08-16 14:01:49,136 INFO o.a.j.t.JMeterThread: Thread finished: 20 read users for five minutes 1-61
2026-08-16 14:01:49,138 INFO o.a.j.t.JMeterThread: Thread finished: 20 read users for five minutes 1-6
2026-08-16 14:01:49,140 INFO o.a.j.t.JMeterThread: Thread finished: 20 read users for five minutes 1-48
2026-08-16 14:01:49,142 INFO o.a.j.t.JMeterThread: Thread finished: 20 read users for five minutes 1-31
2026-08-16 14:01:49,147 INFO o.a.j.t.JMeterThread: Thread finished: 20 read users for five minutes 1-98
2026-08-16 14:01:49,156 INFO o.a.j.t.JMeterThread: Thread finished: 20 read users for five minutes 1-82
2026-08-16 14:01:49,172 INFO o.a.j.t.JMeterThread: Thread finished: 20 read users for five minutes 1-99
2026-08-16 14:01:49,172 INFO o.a.j.t.JMeterThread: Thread finished: 20 read users for five minutes 1-77
2026-08-16 14:01:49,174 INFO o.a.j.t.JMeterThread: Thread finished: 20 read users for five minutes 1-63
2026-08-16 14:01:49,175 INFO o.a.j.t.JMeterThread: Thread finished: 20 read users for five minutes 1-20
2026-08-16 14:01:49,179 INFO o.a.j.t.JMeterThread: Thread finished: 20 read users for five minutes 1-76
2026-08-16 14:01:49,180 INFO o.a.j.t.JMeterThread: Thread finished: 20 read users for five minutes 1-66
2026-08-16 14:01:49,186 INFO o.a.j.t.JMeterThread: Thread finished: 20 read users for five minutes 1-81
2026-08-16 14:01:49,286 INFO o.a.j.t.JMeterThread: Thread finished: 20 read users for five minutes 1-47
2026-08-16 14:01:49,302 INFO o.a.j.t.JMeterThread: Thread finished: 20 read users for five minutes 1-50
2026-08-16 14:01:49,303 INFO o.a.j.t.JMeterThread: Thread finished: 20 read users for five minutes 1-70
2026-08-16 14:01:49,303 INFO o.a.j.t.JMeterThread: Thread finished: 20 read users for five minutes 1-52
2026-08-16 14:01:49,304 INFO o.a.j.t.JMeterThread: Stopping because end time detected by thread: 20 read users for five minutes 1-35
2026-08-16 14:01:49,304 INFO o.a.j.t.JMeterThread: Thread finished: 20 read users for five minutes 1-35
2026-08-16 14:01:49,305 INFO o.a.j.t.JMeterThread: Thread finished: 20 read users for five minutes 1-40
2026-08-16 14:01:49,378 INFO o.a.j.t.JMeterThread: Stopping because end time detected by thread: 20 read users for five minutes 1-94
2026-08-16 14:01:49,379 INFO o.a.j.t.JMeterThread: Thread finished: 20 read users for five minutes 1-94
2026-08-16 14:01:49,381 INFO o.a.j.e.StandardJMeterEngine: Notifying test listeners of end of test
2026-08-16 14:01:49,382 INFO o.a.j.s.FileServer: Close: test-data/read_input.csv
2026-08-16 14:01:49,391 INFO o.a.j.r.Summariser: summary +   1852 in 00:00:19 =   95.6/s Avg:    33 Min:     0 Max:   473 Err:     0 (0.00%) Active: 0 Started: 100 Finished: 100
2026-08-16 14:01:49,393 INFO o.a.j.r.Summariser: summary =  55622 in 00:10:00 =   92.7/s Avg:    19 Min:     0 Max:  1031 Err:     0 (0.00%)
2026-08-16 14:01:49,396 INFO o.a.j.JMeter: Generating Dashboard
2026-08-16 14:01:49,396 INFO o.a.j.r.d.ReportGenerator: Flushing result collector before report Generation
2026-08-16 14:01:49,532 INFO o.a.j.r.p.NormalizerSampleConsumer: Using format, 'ms', to parse timeStamp field
2026-08-16 14:01:54,789 INFO o.a.j.r.p.AbstractSampleConsumer: class org.apache.jmeter.report.processor.AggregateConsumer#stopProducing(): beginDate produced 0 samples
2026-08-16 14:01:54,792 INFO o.a.j.r.p.AbstractSampleConsumer: class org.apache.jmeter.report.processor.AggregateConsumer#stopProducing(): endDate produced 0 samples
2026-08-16 14:01:54,798 INFO o.a.j.r.p.AbstractSampleConsumer: class org.apache.jmeter.report.processor.ApdexSummaryConsumer#stopProducing(): apdexSummary produced 0 samples
2026-08-16 14:01:54,798 INFO o.a.j.r.p.AbstractSampleConsumer: class org.apache.jmeter.report.processor.RequestsSummaryConsumer#stopProducing(): requestsSummary produced 0 samples
2026-08-16 14:01:54,849 INFO o.a.j.r.p.AbstractSampleConsumer: class org.apache.jmeter.report.processor.StatisticsSummaryConsumer#stopProducing(): statisticsSummary produced 0 samples
2026-08-16 14:01:54,855 INFO o.a.j.r.p.AbstractSampleConsumer: class org.apache.jmeter.report.processor.Top5ErrorsBySamplerConsumer#stopProducing(): top5ErrorsBySampler produced 0 samples
2026-08-16 14:01:54,855 INFO o.a.j.r.p.AbstractSampleConsumer: class org.apache.jmeter.report.processor.ErrorsSummaryConsumer#stopProducing(): errorsSummary produced 0 samples
2026-08-16 14:01:54,856 INFO o.a.j.r.p.AbstractSampleConsumer: class org.apache.jmeter.report.processor.graph.impl.HitsPerSecondGraphConsumer#stopProducing(): hitsPerSecond produced 0 samples
2026-08-16 14:01:55,952 INFO o.a.j.r.p.AbstractSampleConsumer: class org.apache.jmeter.report.processor.graph.impl.LatencyVSRequestGraphConsumer#stopProducing(): latencyVsRequest produced 0 samples
2026-08-16 14:01:55,975 INFO o.a.j.r.p.AbstractSampleConsumer: class org.apache.jmeter.report.processor.graph.impl.SyntheticResponseTimeDistributionGraphConsumer#stopProducing(): syntheticResponseTimeDistribution produced 0 samples
2026-08-16 14:01:55,976 INFO o.a.j.r.p.AbstractSampleConsumer: class org.apache.jmeter.report.processor.graph.impl.BytesThroughputGraphConsumer#stopProducing(): bytesThroughputOverTime produced 0 samples
2026-08-16 14:01:55,976 INFO o.a.j.r.p.AbstractSampleConsumer: class org.apache.jmeter.report.processor.graph.impl.CodesPerSecondGraphConsumer#stopProducing(): codesPerSecond produced 0 samples
2026-08-16 14:01:57,029 INFO o.a.j.r.p.AbstractSampleConsumer: class org.apache.jmeter.report.processor.graph.impl.ResponseTimeVSRequestGraphConsumer#stopProducing(): responseTimeVsRequest produced 0 samples
2026-08-16 14:01:57,033 INFO o.a.j.r.p.AbstractSampleConsumer: class org.apache.jmeter.report.processor.FilterConsumer#stopProducing(): startIntervalControlerFilter produced 389354 samples
2026-08-16 14:01:57,033 INFO o.a.j.r.p.AbstractSampleConsumer: class org.apache.jmeter.report.processor.graph.impl.TotalTPSGraphConsumer#stopProducing(): totalTPS produced 0 samples
2026-08-16 14:01:57,034 INFO o.a.j.r.p.AbstractSampleConsumer: class org.apache.jmeter.report.processor.graph.impl.ActiveThreadsGraphConsumer#stopProducing(): activeThreadsOverTime produced 0 samples
2026-08-16 14:01:57,034 INFO o.a.j.r.p.AbstractSampleConsumer: class org.apache.jmeter.report.processor.graph.impl.TimeVSThreadGraphConsumer#stopProducing(): timeVsThreads produced 0 samples
2026-08-16 14:01:57,035 INFO o.a.j.r.p.AbstractSampleConsumer: class org.apache.jmeter.report.processor.graph.impl.ResponseTimeDistributionGraphConsumer#stopProducing(): responseTimeDistribution produced 0 samples
2026-08-16 14:01:57,036 INFO o.a.j.r.p.AbstractSampleConsumer: class org.apache.jmeter.report.processor.graph.impl.TransactionsPerSecondGraphConsumer#stopProducing(): transactionsPerSecond produced 0 samples
2026-08-16 14:01:57,036 INFO o.a.j.r.p.AbstractSampleConsumer: class org.apache.jmeter.report.processor.graph.impl.ResponseTimePercentilesGraphConsumer#stopProducing(): responseTimePercentiles produced 0 samples
2026-08-16 14:01:57,053 INFO o.a.j.r.p.AbstractSampleConsumer: class org.apache.jmeter.report.processor.graph.impl.ResponseTimePercentilesOverTimeGraphConsumer#stopProducing(): responseTimePercentilesOverTime produced 0 samples
2026-08-16 14:01:57,078 INFO o.a.j.r.p.AbstractSampleConsumer: class org.apache.jmeter.report.processor.graph.impl.ResponseTimeOverTimeGraphConsumer#stopProducing(): responseTimesOverTime produced 0 samples
2026-08-16 14:01:57,078 INFO o.a.j.r.p.AbstractSampleConsumer: class org.apache.jmeter.report.processor.graph.impl.ConnectTimeOverTimeGraphConsumer#stopProducing(): connectTimeOverTime produced 0 samples
2026-08-16 14:01:57,080 INFO o.a.j.r.p.AbstractSampleConsumer: class org.apache.jmeter.report.processor.graph.impl.LatencyOverTimeGraphConsumer#stopProducing(): latenciesOverTime produced 0 samples
2026-08-16 14:01:57,080 INFO o.a.j.r.p.AbstractSampleConsumer: class org.apache.jmeter.report.processor.FilterConsumer#stopProducing(): nameFilter produced 834330 samples
2026-08-16 14:01:57,080 INFO o.a.j.r.p.AbstractSampleConsumer: class org.apache.jmeter.report.processor.FilterConsumer#stopProducing(): dateRangeFilter produced 166866 samples
2026-08-16 14:01:57,080 INFO o.a.j.r.p.AbstractSampleConsumer: class org.apache.jmeter.report.processor.NormalizerSampleConsumer#stopProducing(): normalizer produced 55622 samples
2026-08-16 14:01:57,086 INFO o.a.j.r.p.CsvFileSampleSource: produce(): 55622 samples produced in 7s 371 ms on channel 0
2026-08-16 14:01:57,087 INFO o.a.j.r.d.ReportGenerator: Exporting data using exporter:'json' of className:'org.apache.jmeter.report.dashboard.JsonExporter'
2026-08-16 14:01:57,540 INFO o.a.j.r.d.JsonExporter: Found data for consumer statisticsSummary in context
2026-08-16 14:01:57,542 INFO o.a.j.r.d.JsonExporter: Creating statistics for overall
2026-08-16 14:01:57,544 INFO o.a.j.r.d.JsonExporter: Creating statistics for other transactions
2026-08-16 14:01:57,545 INFO o.a.j.r.d.JsonExporter: Checking output folder
2026-08-16 14:01:57,546 INFO o.a.j.r.d.JsonExporter: Writing statistics JSON to /Users/nguyenphanthangthong/hacking/ctf/learning/hw05/results/endurance_html/statistics.json
2026-08-16 14:01:57,675 INFO o.a.j.r.d.ReportGenerator: Exporting data using exporter:'html' of className:'org.apache.jmeter.report.dashboard.HtmlTemplateExporter'
2026-08-16 14:01:57,683 INFO o.a.j.r.d.HtmlTemplateExporter: Will generate dashboard in folder: /Users/nguyenphanthangthong/hacking/ctf/learning/hw05/results/endurance_html
2026-08-16 14:01:58,019 INFO o.a.j.r.d.HtmlTemplateExporter: Report will be generated in: /Users/nguyenphanthangthong/hacking/ctf/learning/hw05/results/endurance_html, creating folder structure
2026-08-16 14:01:58,023 INFO o.a.j.r.d.TemplateVisitor: Copying folder from '/opt/homebrew/Cellar/jmeter/5.6.3/libexec/bin/report-template' to '/Users/nguyenphanthangthong/hacking/ctf/learning/hw05/results/endurance_html', got message: /Users/nguyenphanthangthong/hacking/ctf/learning/hw05/results/endurance_html, found non empty folder with following content [/Users/nguyenphanthangthong/hacking/ctf/learning/hw05/results/endurance_html/statistics.json], will be ignored
2026-08-16 14:01:59,140 INFO o.a.j.JMeter: Dashboard generated
