2026-08-18 00:36:46,638 INFO o.a.j.u.JMeterUtils: Setting Locale to en_EN
2026-08-18 00:36:46,737 INFO o.a.j.JMeter: Loading user properties from: /opt/homebrew/Cellar/jmeter/5.6.3/libexec/bin/user.properties
2026-08-18 00:36:46,738 INFO o.a.j.JMeter: Loading system properties from: /opt/homebrew/Cellar/jmeter/5.6.3/libexec/bin/system.properties
2026-08-18 00:36:46,745 INFO o.a.j.JMeter: Copyright (c) 1998-2024 The Apache Software Foundation
2026-08-18 00:36:46,745 INFO o.a.j.JMeter: Version 5.6.3
2026-08-18 00:36:46,745 INFO o.a.j.JMeter: java.version=21.0.7
2026-08-18 00:36:46,745 INFO o.a.j.JMeter: java.vm.name=OpenJDK 64-Bit Server VM
2026-08-18 00:36:46,745 INFO o.a.j.JMeter: os.name=Mac OS X
2026-08-18 00:36:46,745 INFO o.a.j.JMeter: os.arch=aarch64
2026-08-18 00:36:46,745 INFO o.a.j.JMeter: os.version=15.7.3
2026-08-18 00:36:46,745 INFO o.a.j.JMeter: file.encoding=UTF-8
2026-08-18 00:36:46,745 INFO o.a.j.JMeter: java.awt.headless=true
2026-08-18 00:36:46,746 INFO o.a.j.JMeter: Max memory     =1073741824
2026-08-18 00:36:46,746 INFO o.a.j.JMeter: Available Processors =8
2026-08-18 00:36:46,770 INFO o.a.j.JMeter: Default Locale=English (EN)
2026-08-18 00:36:46,771 INFO o.a.j.JMeter: JMeter  Locale=English (EN)
2026-08-18 00:36:46,771 INFO o.a.j.JMeter: JMeterHome=/opt/homebrew/Cellar/jmeter/5.6.3/libexec
2026-08-18 00:36:46,771 INFO o.a.j.JMeter: user.dir  =/Users/nguyenphanthangthong/hacking/ctf/learning/hw05
2026-08-18 00:36:46,771 INFO o.a.j.JMeter: PWD       =/Users/nguyenphanthangthong/hacking/ctf/learning/hw05
2026-08-18 00:36:46,773 INFO o.a.j.JMeter: IP: 127.0.0.1 Name: MacBook-Pro-cua-HuLi.local FullName: localhost
2026-08-18 00:36:46,794 INFO o.a.j.JMeter: Setting property 'jmeter.reportgenerator.outputdir' to:'/Users/nguyenphanthangthong/hacking/ctf/learning/hw05/results/load_html'
2026-08-18 00:36:46,798 INFO o.a.j.s.FileServer: Default base='/Users/nguyenphanthangthong/hacking/ctf/learning/hw05'
2026-08-18 00:36:46,800 INFO o.a.j.s.FileServer: Set new base='/Users/nguyenphanthangthong/hacking/ctf/learning/hw05/test-plans'
2026-08-18 00:36:47,146 INFO o.a.j.s.SaveService: Testplan (JMX) version: 2.2. Testlog (JTL) version: 2.2
2026-08-18 00:36:47,220 INFO o.a.j.s.SaveService: Using SaveService properties version 5.0
2026-08-18 00:36:47,225 INFO o.a.j.s.SaveService: Using SaveService properties file encoding UTF-8
2026-08-18 00:36:47,229 INFO o.a.j.s.SaveService: Loading file: test-plans/23127081_Load_20260816.jmx
2026-08-18 00:36:47,404 INFO o.a.j.p.h.s.HTTPSamplerBase: Parser for text/html is org.apache.jmeter.protocol.http.parser.LagartoBasedHtmlParser
2026-08-18 00:36:47,404 INFO o.a.j.p.h.s.HTTPSamplerBase: Parser for application/xhtml+xml is org.apache.jmeter.protocol.http.parser.LagartoBasedHtmlParser
2026-08-18 00:36:47,404 INFO o.a.j.p.h.s.HTTPSamplerBase: Parser for application/xml is org.apache.jmeter.protocol.http.parser.LagartoBasedHtmlParser
2026-08-18 00:36:47,404 INFO o.a.j.p.h.s.HTTPSamplerBase: Parser for text/xml is org.apache.jmeter.protocol.http.parser.LagartoBasedHtmlParser
2026-08-18 00:36:47,405 INFO o.a.j.p.h.s.HTTPSamplerBase: Parser for text/vnd.wap.wml is org.apache.jmeter.protocol.http.parser.RegexpHTMLParser
2026-08-18 00:36:47,405 INFO o.a.j.p.h.s.HTTPSamplerBase: Parser for text/css is org.apache.jmeter.protocol.http.parser.CssParser
2026-08-18 00:36:47,615 INFO o.a.j.JMeter: Creating summariser <summary>
2026-08-18 00:36:47,622 INFO o.a.j.r.d.ReportGenerator: ReportGenerator will use for Parsing the separator: ','
2026-08-18 00:36:47,622 INFO o.a.j.r.d.ReportGenerator: Will generate report at end of test from  results file: results/load.jtl
2026-08-18 00:36:47,622 INFO o.a.j.r.d.ReportGenerator: Reading report generator properties from: /opt/homebrew/Cellar/jmeter/5.6.3/libexec/bin/reportgenerator.properties
2026-08-18 00:36:47,623 INFO o.a.j.r.d.ReportGenerator: Merging with JMeter properties
2026-08-18 00:36:47,629 INFO o.a.j.r.c.ReportGeneratorConfiguration: Property 'jmeter.reportgenerator.temp_dir' not found, using default value 'temp' instead.
2026-08-18 00:36:47,632 INFO o.a.j.r.c.ReportGeneratorConfiguration: Property 'jmeter.reportgenerator.apdex_per_transaction' not found, using default value 'null' instead.
2026-08-18 00:36:47,632 INFO o.a.j.r.c.ReportGeneratorConfiguration: apdex_per_transaction is empty, not APDEX per transaction customization
2026-08-18 00:36:47,632 INFO o.a.j.r.c.ReportGeneratorConfiguration: Property 'jmeter.reportgenerator.sample_filter' not found, using default value 'null' instead.
2026-08-18 00:36:47,632 INFO o.a.j.r.c.ReportGeneratorConfiguration: Property 'jmeter.reportgenerator.report_title' not found, using default value 'null' instead.
2026-08-18 00:36:47,632 INFO o.a.j.r.c.ReportGeneratorConfiguration: Property 'jmeter.reportgenerator.start_date' not found, using default value 'null' instead.
2026-08-18 00:36:47,632 INFO o.a.j.r.c.ReportGeneratorConfiguration: Property 'jmeter.reportgenerator.end_date' not found, using default value 'null' instead.
2026-08-18 00:36:47,632 INFO o.a.j.r.c.ReportGeneratorConfiguration: Property 'jmeter.reportgenerator.date_format' not found, using default value 'null' instead.
2026-08-18 00:36:47,633 INFO o.a.j.r.c.ReportGeneratorConfiguration: Will use date range start date: null, end date: null
2026-08-18 00:36:47,638 INFO o.a.j.r.c.ReportGeneratorConfiguration: Property 'jmeter.reportgenerator.graph.totalTPS.exclude_controllers' not found, using default value 'false' instead.
2026-08-18 00:36:47,638 INFO o.a.j.r.c.ReportGeneratorConfiguration: Property 'jmeter.reportgenerator.graph.activeThreadsOverTime.exclude_controllers' not found, using default value 'false' instead.
2026-08-18 00:36:47,638 INFO o.a.j.r.c.ReportGeneratorConfiguration: Property 'jmeter.reportgenerator.graph.timeVsThreads.exclude_controllers' not found, using default value 'false' instead.
2026-08-18 00:36:47,639 INFO o.a.j.r.c.ReportGeneratorConfiguration: Property 'jmeter.reportgenerator.graph.responseTimeDistribution.exclude_controllers' not found, using default value 'false' instead.
2026-08-18 00:36:47,639 INFO o.a.j.r.c.ReportGeneratorConfiguration: Property 'jmeter.reportgenerator.graph.transactionsPerSecond.exclude_controllers' not found, using default value 'false' instead.
2026-08-18 00:36:47,639 INFO o.a.j.r.c.ReportGeneratorConfiguration: Property 'jmeter.reportgenerator.graph.responseTimePercentiles.exclude_controllers' not found, using default value 'false' instead.
2026-08-18 00:36:47,639 INFO o.a.j.r.c.ReportGeneratorConfiguration: Property 'jmeter.reportgenerator.graph.responseTimePercentilesOverTime.exclude_controllers' not found, using default value 'false' instead.
2026-08-18 00:36:47,639 INFO o.a.j.r.c.ReportGeneratorConfiguration: Property 'jmeter.reportgenerator.graph.responseTimesOverTime.exclude_controllers' not found, using default value 'false' instead.
2026-08-18 00:36:47,640 INFO o.a.j.r.c.ReportGeneratorConfiguration: Property 'jmeter.reportgenerator.graph.connectTimeOverTime.exclude_controllers' not found, using default value 'false' instead.
2026-08-18 00:36:47,640 INFO o.a.j.r.c.ReportGeneratorConfiguration: Property 'jmeter.reportgenerator.graph.latenciesOverTime.exclude_controllers' not found, using default value 'false' instead.
2026-08-18 00:36:47,641 INFO o.a.j.r.c.ReportGeneratorConfiguration: Property 'jmeter.reportgenerator.exporter.json.filters_only_sample_series' not found, using default value 'true' instead.
2026-08-18 00:36:47,641 INFO o.a.j.r.c.ReportGeneratorConfiguration: Property 'jmeter.reportgenerator.exporter.json.series_filter' not found, using default value '' instead.
2026-08-18 00:36:47,641 INFO o.a.j.r.c.ReportGeneratorConfiguration: Property 'jmeter.reportgenerator.exporter.json.show_controllers_only' not found, using default value 'false' instead.
2026-08-18 00:36:47,641 INFO o.a.j.r.c.ReportGeneratorConfiguration: Property 'jmeter.reportgenerator.exporter.html.filters_only_sample_series' not found, using default value 'true' instead.
2026-08-18 00:36:47,642 INFO o.a.j.r.c.ReportGeneratorConfiguration: Property 'jmeter.reportgenerator.exporter.html.series_filter' not found, using default value '' instead.
2026-08-18 00:36:47,642 INFO o.a.j.r.c.ReportGeneratorConfiguration: Property 'jmeter.reportgenerator.exporter.html.show_controllers_only' not found, using default value 'false' instead.
2026-08-18 00:36:47,664 INFO o.a.j.e.StandardJMeterEngine: Running the test!
2026-08-18 00:36:47,665 INFO o.a.j.s.SampleEvent: List of sample_variables: []
2026-08-18 00:36:47,665 INFO o.a.j.s.SampleEvent: List of sample_variables: []
2026-08-18 00:36:47,672 INFO o.a.j.e.u.CompoundVariable: Note: Function class names must contain the string: '.functions.'
2026-08-18 00:36:47,673 INFO o.a.j.e.u.CompoundVariable: Note: Function class names must not contain the string: '.gui.'
2026-08-18 00:36:47,732 INFO o.a.j.r.ClassFinder: Will scan jar /opt/homebrew/Cellar/jmeter/5.6.3/libexec/lib/ext/jmeter-plugins-manager-1.9.jar with filter ExtendsClassFilter [parents=[interface org.apache.jmeter.functions.Function], inner=false, contains=null, notContains=null]. Consider exposing JMeter plugins via META-INF/services, and add JMeter-Skip-Class-Scanning=true manifest attribute so JMeter can skip classfile scanning
2026-08-18 00:36:48,259 INFO o.a.j.JMeter: Running test (1786988208259)
2026-08-18 00:36:48,261 INFO o.a.j.e.StandardJMeterEngine: Starting setUp thread groups
2026-08-18 00:36:48,261 INFO o.a.j.e.StandardJMeterEngine: Starting setUp ThreadGroup: 1 : Create order fixture 
2026-08-18 00:36:48,261 INFO o.a.j.e.StandardJMeterEngine: Starting 1 threads for group Create order fixture.
2026-08-18 00:36:48,261 INFO o.a.j.e.StandardJMeterEngine: Test will stop on error
2026-08-18 00:36:48,261 INFO o.a.j.t.ThreadGroup: Starting thread group... number=1 threads=1 ramp-up=1 delayedStart=false
2026-08-18 00:36:48,266 INFO o.a.j.t.ThreadGroup: Started thread group number 1
2026-08-18 00:36:48,266 INFO o.a.j.e.StandardJMeterEngine: Waiting for all setup thread groups to exit
2026-08-18 00:36:48,276 INFO o.a.j.t.JMeterThread: Thread started: Create order fixture 1-1
2026-08-18 00:36:48,278 INFO o.a.j.s.FileServer: Stored: /Users/nguyenphanthangthong/hacking/ctf/learning/hw05/test-data/read_input.csv
2026-08-18 00:36:49,328 INFO o.a.j.p.h.s.HTTPHCAbstractImpl: Local host = MacBook-Pro-cua-HuLi.local
2026-08-18 00:36:49,337 INFO o.a.j.p.h.s.HTTPHC4Impl: HTTP request retry count = 0
2026-08-18 00:36:49,339 INFO o.a.j.s.SampleResult: Note: Sample TimeStamps are START times
2026-08-18 00:36:49,339 INFO o.a.j.s.SampleResult: sampleresult.default.encoding is set to UTF-8
2026-08-18 00:36:49,340 INFO o.a.j.s.SampleResult: sampleresult.useNanoTime=true
2026-08-18 00:36:49,340 INFO o.a.j.s.SampleResult: sampleresult.nanoThreadSleep=5000
2026-08-18 00:36:50,522 INFO o.a.j.t.JMeterThread: Thread is done: Create order fixture 1-1
2026-08-18 00:36:50,522 INFO o.a.j.t.JMeterThread: Thread finished: Create order fixture 1-1
2026-08-18 00:36:50,524 INFO o.a.j.e.StandardJMeterEngine: All Setup Threads have ended
2026-08-18 00:36:50,560 INFO o.a.j.e.StandardJMeterEngine: Starting ThreadGroup: 1 : 20 read users for five minutes
2026-08-18 00:36:50,560 INFO o.a.j.e.StandardJMeterEngine: Starting 20 threads for group 20 read users for five minutes.
2026-08-18 00:36:50,561 INFO o.a.j.e.StandardJMeterEngine: Thread will continue on error
2026-08-18 00:36:50,561 INFO o.a.j.t.ThreadGroup: Starting thread group... number=1 threads=20 ramp-up=60 delayedStart=false
2026-08-18 00:36:50,563 INFO o.a.j.t.JMeterThread: Thread started: 20 read users for five minutes 1-1
2026-08-18 00:36:50,577 INFO o.a.j.t.ThreadGroup: Started thread group number 1
2026-08-18 00:36:50,577 INFO o.a.j.e.StandardJMeterEngine: All thread groups have been started
2026-08-18 00:36:53,567 INFO o.a.j.t.JMeterThread: Thread started: 20 read users for five minutes 1-2
2026-08-18 00:36:56,567 INFO o.a.j.t.JMeterThread: Thread started: 20 read users for five minutes 1-3
2026-08-18 00:36:59,568 INFO o.a.j.t.JMeterThread: Thread started: 20 read users for five minutes 1-4
2026-08-18 00:37:00,592 INFO o.a.j.r.Summariser: summary +     19 in 00:00:12 =    1.5/s Avg:     7 Min:     2 Max:    29 Err:     0 (0.00%) Active: 4 Started: 4 Finished: 0
2026-08-18 00:37:02,573 INFO o.a.j.t.JMeterThread: Thread started: 20 read users for five minutes 1-5
2026-08-18 00:37:05,567 INFO o.a.j.t.JMeterThread: Thread started: 20 read users for five minutes 1-6
2026-08-18 00:37:08,567 INFO o.a.j.t.JMeterThread: Thread started: 20 read users for five minutes 1-7
2026-08-18 00:37:11,564 INFO o.a.j.t.JMeterThread: Thread started: 20 read users for five minutes 1-8
2026-08-18 00:37:14,568 INFO o.a.j.t.JMeterThread: Thread started: 20 read users for five minutes 1-9
2026-08-18 00:37:17,569 INFO o.a.j.t.JMeterThread: Thread started: 20 read users for five minutes 1-10
2026-08-18 00:37:20,567 INFO o.a.j.t.JMeterThread: Thread started: 20 read users for five minutes 1-11
2026-08-18 00:37:23,569 INFO o.a.j.t.JMeterThread: Thread started: 20 read users for five minutes 1-12
2026-08-18 00:37:26,565 INFO o.a.j.t.JMeterThread: Thread started: 20 read users for five minutes 1-13
2026-08-18 00:37:29,572 INFO o.a.j.t.JMeterThread: Thread started: 20 read users for five minutes 1-14
2026-08-18 00:37:30,238 INFO o.a.j.r.Summariser: summary +    250 in 00:00:30 =    8.4/s Avg:     8 Min:     1 Max:   115 Err:     0 (0.00%) Active: 14 Started: 14 Finished: 0
2026-08-18 00:37:30,238 INFO o.a.j.r.Summariser: summary =    269 in 00:00:42 =    6.4/s Avg:     8 Min:     1 Max:   115 Err:     0 (0.00%)
2026-08-18 00:37:32,567 INFO o.a.j.t.JMeterThread: Thread started: 20 read users for five minutes 1-15
2026-08-18 00:37:35,568 INFO o.a.j.t.JMeterThread: Thread started: 20 read users for five minutes 1-16
2026-08-18 00:37:38,569 INFO o.a.j.t.JMeterThread: Thread started: 20 read users for five minutes 1-17
2026-08-18 00:37:41,567 INFO o.a.j.t.JMeterThread: Thread started: 20 read users for five minutes 1-18
2026-08-18 00:37:44,569 INFO o.a.j.t.JMeterThread: Thread started: 20 read users for five minutes 1-19
2026-08-18 00:37:47,570 INFO o.a.j.t.JMeterThread: Thread started: 20 read users for five minutes 1-20
2026-08-18 00:38:00,016 INFO o.a.j.r.Summariser: summary +    531 in 00:00:30 =   17.8/s Avg:     6 Min:     1 Max:   122 Err:     0 (0.00%) Active: 20 Started: 20 Finished: 0
2026-08-18 00:38:00,019 INFO o.a.j.r.Summariser: summary =    800 in 00:01:12 =   11.1/s Avg:     7 Min:     1 Max:   122 Err:     0 (0.00%)
2026-08-18 00:38:30,130 INFO o.a.j.r.Summariser: summary +    587 in 00:00:30 =   19.5/s Avg:     7 Min:     1 Max:    74 Err:     0 (0.00%) Active: 20 Started: 20 Finished: 0
2026-08-18 00:38:30,132 INFO o.a.j.r.Summariser: summary =   1387 in 00:01:42 =   13.6/s Avg:     7 Min:     1 Max:   122 Err:     0 (0.00%)
2026-08-18 00:39:00,316 INFO o.a.j.r.Summariser: summary +    599 in 00:00:30 =   19.8/s Avg:     5 Min:     0 Max:    85 Err:     0 (0.00%) Active: 20 Started: 20 Finished: 0
2026-08-18 00:39:00,317 INFO o.a.j.r.Summariser: summary =   1986 in 00:02:12 =   15.0/s Avg:     7 Min:     0 Max:   122 Err:     0 (0.00%)
2026-08-18 00:39:30,001 INFO o.a.j.r.Summariser: summary +    597 in 00:00:30 =   20.1/s Avg:     5 Min:     1 Max:   111 Err:     0 (0.00%) Active: 20 Started: 20 Finished: 0
2026-08-18 00:39:30,003 INFO o.a.j.r.Summariser: summary =   2583 in 00:02:42 =   16.0/s Avg:     6 Min:     0 Max:   122 Err:     0 (0.00%)
2026-08-18 00:40:00,338 INFO o.a.j.r.Summariser: summary +    583 in 00:00:30 =   19.2/s Avg:    10 Min:     0 Max:   157 Err:     0 (0.00%) Active: 20 Started: 20 Finished: 0
2026-08-18 00:40:00,340 INFO o.a.j.r.Summariser: summary =   3166 in 00:03:12 =   16.5/s Avg:     7 Min:     0 Max:   157 Err:     0 (0.00%)
2026-08-18 00:40:30,028 INFO o.a.j.r.Summariser: summary +    590 in 00:00:30 =   19.9/s Avg:    13 Min:     1 Max:   262 Err:     0 (0.00%) Active: 20 Started: 20 Finished: 0
2026-08-18 00:40:30,032 INFO o.a.j.r.Summariser: summary =   3756 in 00:03:42 =   16.9/s Avg:     8 Min:     0 Max:   262 Err:     0 (0.00%)
2026-08-18 00:41:00,006 INFO o.a.j.r.Summariser: summary +    595 in 00:00:30 =   19.8/s Avg:     4 Min:     0 Max:    87 Err:     0 (0.00%) Active: 20 Started: 20 Finished: 0
2026-08-18 00:41:00,007 INFO o.a.j.r.Summariser: summary =   4351 in 00:04:12 =   17.3/s Avg:     7 Min:     0 Max:   262 Err:     0 (0.00%)
2026-08-18 00:41:30,283 INFO o.a.j.r.Summariser: summary +    595 in 00:00:30 =   19.7/s Avg:     5 Min:     0 Max:    47 Err:     0 (0.00%) Active: 20 Started: 20 Finished: 0
2026-08-18 00:41:30,284 INFO o.a.j.r.Summariser: summary =   4946 in 00:04:42 =   17.5/s Avg:     7 Min:     0 Max:   262 Err:     0 (0.00%)
2026-08-18 00:41:49,664 INFO o.a.j.t.JMeterThread: Thread finished: 20 read users for five minutes 1-5
2026-08-18 00:41:49,666 INFO o.a.j.t.JMeterThread: Thread finished: 20 read users for five minutes 1-4
2026-08-18 00:41:49,667 INFO o.a.j.t.JMeterThread: Thread finished: 20 read users for five minutes 1-2
2026-08-18 00:41:49,667 INFO o.a.j.t.JMeterThread: Thread finished: 20 read users for five minutes 1-3
2026-08-18 00:41:49,668 INFO o.a.j.t.JMeterThread: Thread finished: 20 read users for five minutes 1-1
2026-08-18 00:41:49,672 INFO o.a.j.t.JMeterThread: Thread finished: 20 read users for five minutes 1-18
2026-08-18 00:41:49,672 INFO o.a.j.t.JMeterThread: Thread finished: 20 read users for five minutes 1-19
2026-08-18 00:41:49,672 INFO o.a.j.t.JMeterThread: Thread finished: 20 read users for five minutes 1-17
2026-08-18 00:41:49,867 INFO o.a.j.t.JMeterThread: Thread finished: 20 read users for five minutes 1-14
2026-08-18 00:41:49,877 INFO o.a.j.t.JMeterThread: Thread finished: 20 read users for five minutes 1-13
2026-08-18 00:41:50,068 INFO o.a.j.t.JMeterThread: Thread finished: 20 read users for five minutes 1-15
2026-08-18 00:41:50,136 INFO o.a.j.t.JMeterThread: Thread finished: 20 read users for five minutes 1-9
2026-08-18 00:41:50,139 INFO o.a.j.t.JMeterThread: Thread finished: 20 read users for five minutes 1-12
2026-08-18 00:41:50,140 INFO o.a.j.t.JMeterThread: Thread finished: 20 read users for five minutes 1-6
2026-08-18 00:41:50,141 INFO o.a.j.t.JMeterThread: Thread finished: 20 read users for five minutes 1-7
2026-08-18 00:41:50,146 INFO o.a.j.t.JMeterThread: Thread finished: 20 read users for five minutes 1-20
2026-08-18 00:41:50,147 INFO o.a.j.t.JMeterThread: Thread finished: 20 read users for five minutes 1-8
2026-08-18 00:41:50,153 INFO o.a.j.t.JMeterThread: Thread finished: 20 read users for five minutes 1-11
2026-08-18 00:41:50,154 INFO o.a.j.t.JMeterThread: Thread finished: 20 read users for five minutes 1-16
2026-08-18 00:41:50,154 INFO o.a.j.t.JMeterThread: Thread finished: 20 read users for five minutes 1-10
2026-08-18 00:41:50,155 INFO o.a.j.e.StandardJMeterEngine: Notifying test listeners of end of test
2026-08-18 00:41:50,155 INFO o.a.j.s.FileServer: Close: /Users/nguyenphanthangthong/hacking/ctf/learning/hw05/test-data/read_input.csv
2026-08-18 00:41:50,195 INFO o.a.j.r.Summariser: summary +    399 in 00:00:20 =   20.0/s Avg:    12 Min:     1 Max:    68 Err:     0 (0.00%) Active: 0 Started: 20 Finished: 20
2026-08-18 00:41:50,195 INFO o.a.j.r.Summariser: summary =   5345 in 00:05:02 =   17.7/s Avg:     7 Min:     0 Max:   262 Err:     0 (0.00%)
2026-08-18 00:41:50,197 INFO o.a.j.JMeter: Generating Dashboard
2026-08-18 00:41:50,197 INFO o.a.j.r.d.ReportGenerator: Flushing result collector before report Generation
2026-08-18 00:41:50,240 INFO o.a.j.r.p.NormalizerSampleConsumer: Using format, 'ms', to parse timeStamp field
2026-08-18 00:41:51,194 INFO o.a.j.r.p.AbstractSampleConsumer: class org.apache.jmeter.report.processor.AggregateConsumer#stopProducing(): beginDate produced 0 samples
2026-08-18 00:41:51,194 INFO o.a.j.r.p.AbstractSampleConsumer: class org.apache.jmeter.report.processor.AggregateConsumer#stopProducing(): endDate produced 0 samples
2026-08-18 00:41:51,203 INFO o.a.j.r.p.AbstractSampleConsumer: class org.apache.jmeter.report.processor.ApdexSummaryConsumer#stopProducing(): apdexSummary produced 0 samples
2026-08-18 00:41:51,204 INFO o.a.j.r.p.AbstractSampleConsumer: class org.apache.jmeter.report.processor.RequestsSummaryConsumer#stopProducing(): requestsSummary produced 0 samples
2026-08-18 00:41:51,218 INFO o.a.j.r.p.AbstractSampleConsumer: class org.apache.jmeter.report.processor.StatisticsSummaryConsumer#stopProducing(): statisticsSummary produced 0 samples
2026-08-18 00:41:51,221 INFO o.a.j.r.p.AbstractSampleConsumer: class org.apache.jmeter.report.processor.Top5ErrorsBySamplerConsumer#stopProducing(): top5ErrorsBySampler produced 0 samples
2026-08-18 00:41:51,222 INFO o.a.j.r.p.AbstractSampleConsumer: class org.apache.jmeter.report.processor.ErrorsSummaryConsumer#stopProducing(): errorsSummary produced 0 samples
2026-08-18 00:41:51,222 INFO o.a.j.r.p.AbstractSampleConsumer: class org.apache.jmeter.report.processor.graph.impl.HitsPerSecondGraphConsumer#stopProducing(): hitsPerSecond produced 0 samples
2026-08-18 00:41:51,529 INFO o.a.j.r.p.AbstractSampleConsumer: class org.apache.jmeter.report.processor.graph.impl.LatencyVSRequestGraphConsumer#stopProducing(): latencyVsRequest produced 0 samples
2026-08-18 00:41:51,531 INFO o.a.j.r.p.AbstractSampleConsumer: class org.apache.jmeter.report.processor.graph.impl.SyntheticResponseTimeDistributionGraphConsumer#stopProducing(): syntheticResponseTimeDistribution produced 0 samples
2026-08-18 00:41:51,533 INFO o.a.j.r.p.AbstractSampleConsumer: class org.apache.jmeter.report.processor.graph.impl.BytesThroughputGraphConsumer#stopProducing(): bytesThroughputOverTime produced 0 samples
2026-08-18 00:41:51,533 INFO o.a.j.r.p.AbstractSampleConsumer: class org.apache.jmeter.report.processor.graph.impl.CodesPerSecondGraphConsumer#stopProducing(): codesPerSecond produced 0 samples
2026-08-18 00:41:51,824 INFO o.a.j.r.p.AbstractSampleConsumer: class org.apache.jmeter.report.processor.graph.impl.ResponseTimeVSRequestGraphConsumer#stopProducing(): responseTimeVsRequest produced 0 samples
2026-08-18 00:41:51,825 INFO o.a.j.r.p.AbstractSampleConsumer: class org.apache.jmeter.report.processor.FilterConsumer#stopProducing(): startIntervalControlerFilter produced 37415 samples
2026-08-18 00:41:51,826 INFO o.a.j.r.p.AbstractSampleConsumer: class org.apache.jmeter.report.processor.graph.impl.TotalTPSGraphConsumer#stopProducing(): totalTPS produced 0 samples
2026-08-18 00:41:51,826 INFO o.a.j.r.p.AbstractSampleConsumer: class org.apache.jmeter.report.processor.graph.impl.ActiveThreadsGraphConsumer#stopProducing(): activeThreadsOverTime produced 0 samples
2026-08-18 00:41:51,826 INFO o.a.j.r.p.AbstractSampleConsumer: class org.apache.jmeter.report.processor.graph.impl.TimeVSThreadGraphConsumer#stopProducing(): timeVsThreads produced 0 samples
2026-08-18 00:41:51,827 INFO o.a.j.r.p.AbstractSampleConsumer: class org.apache.jmeter.report.processor.graph.impl.ResponseTimeDistributionGraphConsumer#stopProducing(): responseTimeDistribution produced 0 samples
2026-08-18 00:41:51,827 INFO o.a.j.r.p.AbstractSampleConsumer: class org.apache.jmeter.report.processor.graph.impl.TransactionsPerSecondGraphConsumer#stopProducing(): transactionsPerSecond produced 0 samples
2026-08-18 00:41:51,827 INFO o.a.j.r.p.AbstractSampleConsumer: class org.apache.jmeter.report.processor.graph.impl.ResponseTimePercentilesGraphConsumer#stopProducing(): responseTimePercentiles produced 0 samples
2026-08-18 00:41:51,829 INFO o.a.j.r.p.AbstractSampleConsumer: class org.apache.jmeter.report.processor.graph.impl.ResponseTimePercentilesOverTimeGraphConsumer#stopProducing(): responseTimePercentilesOverTime produced 0 samples
2026-08-18 00:41:51,835 INFO o.a.j.r.p.AbstractSampleConsumer: class org.apache.jmeter.report.processor.graph.impl.ResponseTimeOverTimeGraphConsumer#stopProducing(): responseTimesOverTime produced 0 samples
2026-08-18 00:41:51,835 INFO o.a.j.r.p.AbstractSampleConsumer: class org.apache.jmeter.report.processor.graph.impl.ConnectTimeOverTimeGraphConsumer#stopProducing(): connectTimeOverTime produced 0 samples
2026-08-18 00:41:51,835 INFO o.a.j.r.p.AbstractSampleConsumer: class org.apache.jmeter.report.processor.graph.impl.LatencyOverTimeGraphConsumer#stopProducing(): latenciesOverTime produced 0 samples
2026-08-18 00:41:51,835 INFO o.a.j.r.p.AbstractSampleConsumer: class org.apache.jmeter.report.processor.FilterConsumer#stopProducing(): nameFilter produced 80175 samples
2026-08-18 00:41:51,836 INFO o.a.j.r.p.AbstractSampleConsumer: class org.apache.jmeter.report.processor.FilterConsumer#stopProducing(): dateRangeFilter produced 16035 samples
2026-08-18 00:41:51,836 INFO o.a.j.r.p.AbstractSampleConsumer: class org.apache.jmeter.report.processor.NormalizerSampleConsumer#stopProducing(): normalizer produced 5345 samples
2026-08-18 00:41:51,837 INFO o.a.j.r.p.CsvFileSampleSource: produce(): 5345 samples produced in 1s 438 ms on channel 0
2026-08-18 00:41:51,837 INFO o.a.j.r.d.ReportGenerator: Exporting data using exporter:'json' of className:'org.apache.jmeter.report.dashboard.JsonExporter'
2026-08-18 00:41:52,137 INFO o.a.j.r.d.JsonExporter: Found data for consumer statisticsSummary in context
2026-08-18 00:41:52,137 INFO o.a.j.r.d.JsonExporter: Creating statistics for overall
2026-08-18 00:41:52,138 INFO o.a.j.r.d.JsonExporter: Creating statistics for other transactions
2026-08-18 00:41:52,139 INFO o.a.j.r.d.JsonExporter: Checking output folder
2026-08-18 00:41:52,139 INFO o.a.j.r.d.JsonExporter: Writing statistics JSON to /Users/nguyenphanthangthong/hacking/ctf/learning/hw05/results/load_html/statistics.json
2026-08-18 00:41:52,254 INFO o.a.j.r.d.ReportGenerator: Exporting data using exporter:'html' of className:'org.apache.jmeter.report.dashboard.HtmlTemplateExporter'
2026-08-18 00:41:52,260 INFO o.a.j.r.d.HtmlTemplateExporter: Will generate dashboard in folder: /Users/nguyenphanthangthong/hacking/ctf/learning/hw05/results/load_html
2026-08-18 00:41:52,632 INFO o.a.j.r.d.HtmlTemplateExporter: Report will be generated in: /Users/nguyenphanthangthong/hacking/ctf/learning/hw05/results/load_html, creating folder structure
2026-08-18 00:41:52,634 INFO o.a.j.r.d.TemplateVisitor: Copying folder from '/opt/homebrew/Cellar/jmeter/5.6.3/libexec/bin/report-template' to '/Users/nguyenphanthangthong/hacking/ctf/learning/hw05/results/load_html', got message: /Users/nguyenphanthangthong/hacking/ctf/learning/hw05/results/load_html, found non empty folder with following content [/Users/nguyenphanthangthong/hacking/ctf/learning/hw05/results/load_html/statistics.json], will be ignored
2026-08-18 00:41:53,706 INFO o.a.j.JMeter: Dashboard generated
