2026-08-18 00:49:16,965 INFO o.a.j.u.JMeterUtils: Setting Locale to en_EN
2026-08-18 00:49:17,084 INFO o.a.j.JMeter: Loading user properties from: /opt/homebrew/Cellar/jmeter/5.6.3/libexec/bin/user.properties
2026-08-18 00:49:17,088 INFO o.a.j.JMeter: Loading system properties from: /opt/homebrew/Cellar/jmeter/5.6.3/libexec/bin/system.properties
2026-08-18 00:49:17,088 INFO o.a.j.JMeter: Setting JMeter property: spike_threads=2
2026-08-18 00:49:17,088 INFO o.a.j.JMeter: Setting JMeter property: spike_ramp=1
2026-08-18 00:49:17,089 INFO o.a.j.JMeter: Setting JMeter property: spike_stage_duration=60
2026-08-18 00:49:17,097 INFO o.a.j.JMeter: Copyright (c) 1998-2024 The Apache Software Foundation
2026-08-18 00:49:17,097 INFO o.a.j.JMeter: Version 5.6.3
2026-08-18 00:49:17,097 INFO o.a.j.JMeter: java.version=21.0.7
2026-08-18 00:49:17,097 INFO o.a.j.JMeter: java.vm.name=OpenJDK 64-Bit Server VM
2026-08-18 00:49:17,098 INFO o.a.j.JMeter: os.name=Mac OS X
2026-08-18 00:49:17,098 INFO o.a.j.JMeter: os.arch=aarch64
2026-08-18 00:49:17,098 INFO o.a.j.JMeter: os.version=15.7.3
2026-08-18 00:49:17,098 INFO o.a.j.JMeter: file.encoding=UTF-8
2026-08-18 00:49:17,098 INFO o.a.j.JMeter: java.awt.headless=true
2026-08-18 00:49:17,098 INFO o.a.j.JMeter: Max memory     =1073741824
2026-08-18 00:49:17,098 INFO o.a.j.JMeter: Available Processors =8
2026-08-18 00:49:17,138 INFO o.a.j.JMeter: Default Locale=English (EN)
2026-08-18 00:49:17,138 INFO o.a.j.JMeter: JMeter  Locale=English (EN)
2026-08-18 00:49:17,139 INFO o.a.j.JMeter: JMeterHome=/opt/homebrew/Cellar/jmeter/5.6.3/libexec
2026-08-18 00:49:17,140 INFO o.a.j.JMeter: user.dir  =/Users/nguyenphanthangthong/hacking/ctf/learning/hw05
2026-08-18 00:49:17,140 INFO o.a.j.JMeter: PWD       =/Users/nguyenphanthangthong/hacking/ctf/learning/hw05
2026-08-18 00:49:17,145 INFO o.a.j.JMeter: IP: 127.0.0.1 Name: MacBook-Pro-cua-HuLi.local FullName: localhost
2026-08-18 00:49:17,168 INFO o.a.j.JMeter: Setting property 'jmeter.reportgenerator.outputdir' to:'/Users/nguyenphanthangthong/hacking/ctf/learning/hw05/results/spike_recovery_html'
2026-08-18 00:49:17,173 INFO o.a.j.s.FileServer: Default base='/Users/nguyenphanthangthong/hacking/ctf/learning/hw05'
2026-08-18 00:49:17,176 INFO o.a.j.s.FileServer: Set new base='/Users/nguyenphanthangthong/hacking/ctf/learning/hw05/test-plans'
2026-08-18 00:49:17,513 INFO o.a.j.s.SaveService: Testplan (JMX) version: 2.2. Testlog (JTL) version: 2.2
2026-08-18 00:49:17,585 INFO o.a.j.s.SaveService: Using SaveService properties version 5.0
2026-08-18 00:49:17,589 INFO o.a.j.s.SaveService: Using SaveService properties file encoding UTF-8
2026-08-18 00:49:17,594 INFO o.a.j.s.SaveService: Loading file: test-plans/23127081_Spike_20260816.jmx
2026-08-18 00:49:17,844 INFO o.a.j.p.h.s.HTTPSamplerBase: Parser for text/html is org.apache.jmeter.protocol.http.parser.LagartoBasedHtmlParser
2026-08-18 00:49:17,845 INFO o.a.j.p.h.s.HTTPSamplerBase: Parser for application/xhtml+xml is org.apache.jmeter.protocol.http.parser.LagartoBasedHtmlParser
2026-08-18 00:49:17,845 INFO o.a.j.p.h.s.HTTPSamplerBase: Parser for application/xml is org.apache.jmeter.protocol.http.parser.LagartoBasedHtmlParser
2026-08-18 00:49:17,845 INFO o.a.j.p.h.s.HTTPSamplerBase: Parser for text/xml is org.apache.jmeter.protocol.http.parser.LagartoBasedHtmlParser
2026-08-18 00:49:17,845 INFO o.a.j.p.h.s.HTTPSamplerBase: Parser for text/vnd.wap.wml is org.apache.jmeter.protocol.http.parser.RegexpHTMLParser
2026-08-18 00:49:17,845 INFO o.a.j.p.h.s.HTTPSamplerBase: Parser for text/css is org.apache.jmeter.protocol.http.parser.CssParser
2026-08-18 00:49:17,907 INFO o.a.j.JMeter: Creating summariser <summary>
2026-08-18 00:49:17,914 INFO o.a.j.r.d.ReportGenerator: ReportGenerator will use for Parsing the separator: ','
2026-08-18 00:49:17,914 INFO o.a.j.r.d.ReportGenerator: Will generate report at end of test from  results file: results/spike_recovery.jtl
2026-08-18 00:49:17,915 INFO o.a.j.r.d.ReportGenerator: Reading report generator properties from: /opt/homebrew/Cellar/jmeter/5.6.3/libexec/bin/reportgenerator.properties
2026-08-18 00:49:17,916 INFO o.a.j.r.d.ReportGenerator: Merging with JMeter properties
2026-08-18 00:49:17,923 INFO o.a.j.r.c.ReportGeneratorConfiguration: Property 'jmeter.reportgenerator.temp_dir' not found, using default value 'temp' instead.
2026-08-18 00:49:17,927 INFO o.a.j.r.c.ReportGeneratorConfiguration: Property 'jmeter.reportgenerator.apdex_per_transaction' not found, using default value 'null' instead.
2026-08-18 00:49:17,927 INFO o.a.j.r.c.ReportGeneratorConfiguration: apdex_per_transaction is empty, not APDEX per transaction customization
2026-08-18 00:49:17,928 INFO o.a.j.r.c.ReportGeneratorConfiguration: Property 'jmeter.reportgenerator.sample_filter' not found, using default value 'null' instead.
2026-08-18 00:49:17,928 INFO o.a.j.r.c.ReportGeneratorConfiguration: Property 'jmeter.reportgenerator.report_title' not found, using default value 'null' instead.
2026-08-18 00:49:17,928 INFO o.a.j.r.c.ReportGeneratorConfiguration: Property 'jmeter.reportgenerator.start_date' not found, using default value 'null' instead.
2026-08-18 00:49:17,928 INFO o.a.j.r.c.ReportGeneratorConfiguration: Property 'jmeter.reportgenerator.end_date' not found, using default value 'null' instead.
2026-08-18 00:49:17,928 INFO o.a.j.r.c.ReportGeneratorConfiguration: Property 'jmeter.reportgenerator.date_format' not found, using default value 'null' instead.
2026-08-18 00:49:17,929 INFO o.a.j.r.c.ReportGeneratorConfiguration: Will use date range start date: null, end date: null
2026-08-18 00:49:17,936 INFO o.a.j.r.c.ReportGeneratorConfiguration: Property 'jmeter.reportgenerator.graph.totalTPS.exclude_controllers' not found, using default value 'false' instead.
2026-08-18 00:49:17,937 INFO o.a.j.r.c.ReportGeneratorConfiguration: Property 'jmeter.reportgenerator.graph.activeThreadsOverTime.exclude_controllers' not found, using default value 'false' instead.
2026-08-18 00:49:17,937 INFO o.a.j.r.c.ReportGeneratorConfiguration: Property 'jmeter.reportgenerator.graph.timeVsThreads.exclude_controllers' not found, using default value 'false' instead.
2026-08-18 00:49:17,937 INFO o.a.j.r.c.ReportGeneratorConfiguration: Property 'jmeter.reportgenerator.graph.responseTimeDistribution.exclude_controllers' not found, using default value 'false' instead.
2026-08-18 00:49:17,937 INFO o.a.j.r.c.ReportGeneratorConfiguration: Property 'jmeter.reportgenerator.graph.transactionsPerSecond.exclude_controllers' not found, using default value 'false' instead.
2026-08-18 00:49:17,937 INFO o.a.j.r.c.ReportGeneratorConfiguration: Property 'jmeter.reportgenerator.graph.responseTimePercentiles.exclude_controllers' not found, using default value 'false' instead.
2026-08-18 00:49:17,938 INFO o.a.j.r.c.ReportGeneratorConfiguration: Property 'jmeter.reportgenerator.graph.responseTimePercentilesOverTime.exclude_controllers' not found, using default value 'false' instead.
2026-08-18 00:49:17,938 INFO o.a.j.r.c.ReportGeneratorConfiguration: Property 'jmeter.reportgenerator.graph.responseTimesOverTime.exclude_controllers' not found, using default value 'false' instead.
2026-08-18 00:49:17,938 INFO o.a.j.r.c.ReportGeneratorConfiguration: Property 'jmeter.reportgenerator.graph.connectTimeOverTime.exclude_controllers' not found, using default value 'false' instead.
2026-08-18 00:49:17,939 INFO o.a.j.r.c.ReportGeneratorConfiguration: Property 'jmeter.reportgenerator.graph.latenciesOverTime.exclude_controllers' not found, using default value 'false' instead.
2026-08-18 00:49:17,940 INFO o.a.j.r.c.ReportGeneratorConfiguration: Property 'jmeter.reportgenerator.exporter.json.filters_only_sample_series' not found, using default value 'true' instead.
2026-08-18 00:49:17,940 INFO o.a.j.r.c.ReportGeneratorConfiguration: Property 'jmeter.reportgenerator.exporter.json.series_filter' not found, using default value '' instead.
2026-08-18 00:49:17,940 INFO o.a.j.r.c.ReportGeneratorConfiguration: Property 'jmeter.reportgenerator.exporter.json.show_controllers_only' not found, using default value 'false' instead.
2026-08-18 00:49:17,941 INFO o.a.j.r.c.ReportGeneratorConfiguration: Property 'jmeter.reportgenerator.exporter.html.filters_only_sample_series' not found, using default value 'true' instead.
2026-08-18 00:49:17,941 INFO o.a.j.r.c.ReportGeneratorConfiguration: Property 'jmeter.reportgenerator.exporter.html.series_filter' not found, using default value '' instead.
2026-08-18 00:49:17,941 INFO o.a.j.r.c.ReportGeneratorConfiguration: Property 'jmeter.reportgenerator.exporter.html.show_controllers_only' not found, using default value 'false' instead.
2026-08-18 00:49:17,965 INFO o.a.j.e.StandardJMeterEngine: Running the test!
2026-08-18 00:49:17,966 INFO o.a.j.s.SampleEvent: List of sample_variables: []
2026-08-18 00:49:17,966 INFO o.a.j.s.SampleEvent: List of sample_variables: []
2026-08-18 00:49:17,974 INFO o.a.j.e.u.CompoundVariable: Note: Function class names must contain the string: '.functions.'
2026-08-18 00:49:17,974 INFO o.a.j.e.u.CompoundVariable: Note: Function class names must not contain the string: '.gui.'
2026-08-18 00:49:18,069 INFO o.a.j.r.ClassFinder: Will scan jar /opt/homebrew/Cellar/jmeter/5.6.3/libexec/lib/ext/jmeter-plugins-manager-1.9.jar with filter ExtendsClassFilter [parents=[interface org.apache.jmeter.functions.Function], inner=false, contains=null, notContains=null]. Consider exposing JMeter plugins via META-INF/services, and add JMeter-Skip-Class-Scanning=true manifest attribute so JMeter can skip classfile scanning
2026-08-18 00:49:18,222 INFO o.a.j.JMeter: Running test (1786988958222)
2026-08-18 00:49:18,245 INFO o.a.j.e.StandardJMeterEngine: Starting ThreadGroup: 1 : Spike transaction stage
2026-08-18 00:49:18,245 INFO o.a.j.e.StandardJMeterEngine: Starting 2 threads for group Spike transaction stage.
2026-08-18 00:49:18,245 INFO o.a.j.e.StandardJMeterEngine: Thread will continue on error
2026-08-18 00:49:18,246 INFO o.a.j.t.ThreadGroup: Starting thread group... number=1 threads=2 ramp-up=1 delayedStart=false
2026-08-18 00:49:18,252 INFO o.a.j.t.ThreadGroup: Started thread group number 1
2026-08-18 00:49:18,252 INFO o.a.j.e.StandardJMeterEngine: All thread groups have been started
2026-08-18 00:49:18,345 INFO o.a.j.t.JMeterThread: Thread started: Spike transaction stage 1-1
2026-08-18 00:49:18,348 INFO o.a.j.s.FileServer: Stored: /Users/nguyenphanthangthong/hacking/ctf/learning/hw05/test-data/transaction_input.csv
2026-08-18 00:49:18,846 INFO o.a.j.t.JMeterThread: Thread started: Spike transaction stage 1-2
2026-08-18 00:49:18,906 INFO o.a.j.p.h.s.HTTPHCAbstractImpl: Local host = MacBook-Pro-cua-HuLi.local
2026-08-18 00:49:18,919 INFO o.a.j.p.h.s.HTTPHC4Impl: HTTP request retry count = 0
2026-08-18 00:49:18,923 INFO o.a.j.s.SampleResult: Note: Sample TimeStamps are START times
2026-08-18 00:49:18,923 INFO o.a.j.s.SampleResult: sampleresult.default.encoding is set to UTF-8
2026-08-18 00:49:18,923 INFO o.a.j.s.SampleResult: sampleresult.useNanoTime=true
2026-08-18 00:49:18,923 INFO o.a.j.s.SampleResult: sampleresult.nanoThreadSleep=5000
2026-08-18 00:49:30,179 INFO o.a.j.r.Summariser: summary +     44 in 00:00:12 =    3.7/s Avg:     9 Min:     1 Max:    71 Err:     0 (0.00%) Active: 2 Started: 2 Finished: 0
2026-08-18 00:50:00,348 INFO o.a.j.r.Summariser: summary +    117 in 00:00:30 =    3.9/s Avg:     8 Min:     1 Max:   127 Err:     0 (0.00%) Active: 2 Started: 2 Finished: 0
2026-08-18 00:50:00,349 INFO o.a.j.r.Summariser: summary =    161 in 00:00:42 =    3.8/s Avg:     8 Min:     1 Max:   127 Err:     0 (0.00%)
2026-08-18 00:50:17,855 INFO o.a.j.t.JMeterThread: Thread finished: Spike transaction stage 1-1
2026-08-18 00:50:17,876 INFO o.a.j.t.JMeterThread: Thread finished: Spike transaction stage 1-2
2026-08-18 00:50:17,877 INFO o.a.j.e.StandardJMeterEngine: Notifying test listeners of end of test
2026-08-18 00:50:17,878 INFO o.a.j.s.FileServer: Close: /Users/nguyenphanthangthong/hacking/ctf/learning/hw05/test-data/transaction_input.csv
2026-08-18 00:50:17,880 INFO o.a.j.r.Summariser: summary +     69 in 00:00:18 =    3.9/s Avg:     7 Min:     2 Max:    44 Err:     0 (0.00%) Active: 0 Started: 2 Finished: 2
2026-08-18 00:50:17,881 INFO o.a.j.r.Summariser: summary =    230 in 00:01:00 =    3.9/s Avg:     8 Min:     1 Max:   127 Err:     0 (0.00%)
2026-08-18 00:50:17,885 INFO o.a.j.JMeter: Generating Dashboard
2026-08-18 00:50:17,885 INFO o.a.j.r.d.ReportGenerator: Flushing result collector before report Generation
2026-08-18 00:50:17,913 INFO o.a.j.r.p.NormalizerSampleConsumer: Using format, 'ms', to parse timeStamp field
2026-08-18 00:50:18,051 INFO o.a.j.r.p.AbstractSampleConsumer: class org.apache.jmeter.report.processor.AggregateConsumer#stopProducing(): beginDate produced 0 samples
2026-08-18 00:50:18,052 INFO o.a.j.r.p.AbstractSampleConsumer: class org.apache.jmeter.report.processor.AggregateConsumer#stopProducing(): endDate produced 0 samples
2026-08-18 00:50:18,058 INFO o.a.j.r.p.AbstractSampleConsumer: class org.apache.jmeter.report.processor.ApdexSummaryConsumer#stopProducing(): apdexSummary produced 0 samples
2026-08-18 00:50:18,058 INFO o.a.j.r.p.AbstractSampleConsumer: class org.apache.jmeter.report.processor.RequestsSummaryConsumer#stopProducing(): requestsSummary produced 0 samples
2026-08-18 00:50:18,065 INFO o.a.j.r.p.AbstractSampleConsumer: class org.apache.jmeter.report.processor.StatisticsSummaryConsumer#stopProducing(): statisticsSummary produced 0 samples
2026-08-18 00:50:18,067 INFO o.a.j.r.p.AbstractSampleConsumer: class org.apache.jmeter.report.processor.Top5ErrorsBySamplerConsumer#stopProducing(): top5ErrorsBySampler produced 0 samples
2026-08-18 00:50:18,068 INFO o.a.j.r.p.AbstractSampleConsumer: class org.apache.jmeter.report.processor.ErrorsSummaryConsumer#stopProducing(): errorsSummary produced 0 samples
2026-08-18 00:50:18,068 INFO o.a.j.r.p.AbstractSampleConsumer: class org.apache.jmeter.report.processor.graph.impl.HitsPerSecondGraphConsumer#stopProducing(): hitsPerSecond produced 0 samples
2026-08-18 00:50:18,109 INFO o.a.j.r.p.AbstractSampleConsumer: class org.apache.jmeter.report.processor.graph.impl.LatencyVSRequestGraphConsumer#stopProducing(): latencyVsRequest produced 0 samples
2026-08-18 00:50:18,110 INFO o.a.j.r.p.AbstractSampleConsumer: class org.apache.jmeter.report.processor.graph.impl.SyntheticResponseTimeDistributionGraphConsumer#stopProducing(): syntheticResponseTimeDistribution produced 0 samples
2026-08-18 00:50:18,111 INFO o.a.j.r.p.AbstractSampleConsumer: class org.apache.jmeter.report.processor.graph.impl.BytesThroughputGraphConsumer#stopProducing(): bytesThroughputOverTime produced 0 samples
2026-08-18 00:50:18,111 INFO o.a.j.r.p.AbstractSampleConsumer: class org.apache.jmeter.report.processor.graph.impl.CodesPerSecondGraphConsumer#stopProducing(): codesPerSecond produced 0 samples
2026-08-18 00:50:18,125 INFO o.a.j.r.p.AbstractSampleConsumer: class org.apache.jmeter.report.processor.graph.impl.ResponseTimeVSRequestGraphConsumer#stopProducing(): responseTimeVsRequest produced 0 samples
2026-08-18 00:50:18,125 INFO o.a.j.r.p.AbstractSampleConsumer: class org.apache.jmeter.report.processor.FilterConsumer#stopProducing(): startIntervalControlerFilter produced 1610 samples
2026-08-18 00:50:18,125 INFO o.a.j.r.p.AbstractSampleConsumer: class org.apache.jmeter.report.processor.graph.impl.TotalTPSGraphConsumer#stopProducing(): totalTPS produced 0 samples
2026-08-18 00:50:18,125 INFO o.a.j.r.p.AbstractSampleConsumer: class org.apache.jmeter.report.processor.graph.impl.ActiveThreadsGraphConsumer#stopProducing(): activeThreadsOverTime produced 0 samples
2026-08-18 00:50:18,126 INFO o.a.j.r.p.AbstractSampleConsumer: class org.apache.jmeter.report.processor.graph.impl.TimeVSThreadGraphConsumer#stopProducing(): timeVsThreads produced 0 samples
2026-08-18 00:50:18,126 INFO o.a.j.r.p.AbstractSampleConsumer: class org.apache.jmeter.report.processor.graph.impl.ResponseTimeDistributionGraphConsumer#stopProducing(): responseTimeDistribution produced 0 samples
2026-08-18 00:50:18,126 INFO o.a.j.r.p.AbstractSampleConsumer: class org.apache.jmeter.report.processor.graph.impl.TransactionsPerSecondGraphConsumer#stopProducing(): transactionsPerSecond produced 0 samples
2026-08-18 00:50:18,126 INFO o.a.j.r.p.AbstractSampleConsumer: class org.apache.jmeter.report.processor.graph.impl.ResponseTimePercentilesGraphConsumer#stopProducing(): responseTimePercentiles produced 0 samples
2026-08-18 00:50:18,128 INFO o.a.j.r.p.AbstractSampleConsumer: class org.apache.jmeter.report.processor.graph.impl.ResponseTimePercentilesOverTimeGraphConsumer#stopProducing(): responseTimePercentilesOverTime produced 0 samples
2026-08-18 00:50:18,129 INFO o.a.j.r.p.AbstractSampleConsumer: class org.apache.jmeter.report.processor.graph.impl.ResponseTimeOverTimeGraphConsumer#stopProducing(): responseTimesOverTime produced 0 samples
2026-08-18 00:50:18,129 INFO o.a.j.r.p.AbstractSampleConsumer: class org.apache.jmeter.report.processor.graph.impl.ConnectTimeOverTimeGraphConsumer#stopProducing(): connectTimeOverTime produced 0 samples
2026-08-18 00:50:18,129 INFO o.a.j.r.p.AbstractSampleConsumer: class org.apache.jmeter.report.processor.graph.impl.LatencyOverTimeGraphConsumer#stopProducing(): latenciesOverTime produced 0 samples
2026-08-18 00:50:18,129 INFO o.a.j.r.p.AbstractSampleConsumer: class org.apache.jmeter.report.processor.FilterConsumer#stopProducing(): nameFilter produced 3450 samples
2026-08-18 00:50:18,129 INFO o.a.j.r.p.AbstractSampleConsumer: class org.apache.jmeter.report.processor.FilterConsumer#stopProducing(): dateRangeFilter produced 690 samples
2026-08-18 00:50:18,129 INFO o.a.j.r.p.AbstractSampleConsumer: class org.apache.jmeter.report.processor.NormalizerSampleConsumer#stopProducing(): normalizer produced 230 samples
2026-08-18 00:50:18,131 INFO o.a.j.r.p.CsvFileSampleSource: produce(): 230 samples produced in 170ms on channel 0
2026-08-18 00:50:18,131 INFO o.a.j.r.d.ReportGenerator: Exporting data using exporter:'json' of className:'org.apache.jmeter.report.dashboard.JsonExporter'
2026-08-18 00:50:18,332 INFO o.a.j.r.d.JsonExporter: Found data for consumer statisticsSummary in context
2026-08-18 00:50:18,332 INFO o.a.j.r.d.JsonExporter: Creating statistics for overall
2026-08-18 00:50:18,333 INFO o.a.j.r.d.JsonExporter: Creating statistics for other transactions
2026-08-18 00:50:18,333 INFO o.a.j.r.d.JsonExporter: Checking output folder
2026-08-18 00:50:18,334 INFO o.a.j.r.d.JsonExporter: Writing statistics JSON to /Users/nguyenphanthangthong/hacking/ctf/learning/hw05/results/spike_recovery_html/statistics.json
2026-08-18 00:50:18,405 INFO o.a.j.r.d.ReportGenerator: Exporting data using exporter:'html' of className:'org.apache.jmeter.report.dashboard.HtmlTemplateExporter'
2026-08-18 00:50:18,409 INFO o.a.j.r.d.HtmlTemplateExporter: Will generate dashboard in folder: /Users/nguyenphanthangthong/hacking/ctf/learning/hw05/results/spike_recovery_html
2026-08-18 00:50:18,638 INFO o.a.j.r.d.HtmlTemplateExporter: Report will be generated in: /Users/nguyenphanthangthong/hacking/ctf/learning/hw05/results/spike_recovery_html, creating folder structure
2026-08-18 00:50:18,642 INFO o.a.j.r.d.TemplateVisitor: Copying folder from '/opt/homebrew/Cellar/jmeter/5.6.3/libexec/bin/report-template' to '/Users/nguyenphanthangthong/hacking/ctf/learning/hw05/results/spike_recovery_html', got message: /Users/nguyenphanthangthong/hacking/ctf/learning/hw05/results/spike_recovery_html, found non empty folder with following content [/Users/nguyenphanthangthong/hacking/ctf/learning/hw05/results/spike_recovery_html/statistics.json], will be ignored
2026-08-18 00:50:19,258 INFO o.a.j.JMeter: Dashboard generated
