2026-08-18 00:47:04,004 INFO o.a.j.u.JMeterUtils: Setting Locale to en_EN
2026-08-18 00:47:04,070 INFO o.a.j.JMeter: Loading user properties from: /opt/homebrew/Cellar/jmeter/5.6.3/libexec/bin/user.properties
2026-08-18 00:47:04,072 INFO o.a.j.JMeter: Loading system properties from: /opt/homebrew/Cellar/jmeter/5.6.3/libexec/bin/system.properties
2026-08-18 00:47:04,073 INFO o.a.j.JMeter: Setting JMeter property: spike_threads=2
2026-08-18 00:47:04,073 INFO o.a.j.JMeter: Setting JMeter property: spike_ramp=1
2026-08-18 00:47:04,073 INFO o.a.j.JMeter: Setting JMeter property: spike_stage_duration=60
2026-08-18 00:47:04,080 INFO o.a.j.JMeter: Copyright (c) 1998-2024 The Apache Software Foundation
2026-08-18 00:47:04,081 INFO o.a.j.JMeter: Version 5.6.3
2026-08-18 00:47:04,081 INFO o.a.j.JMeter: java.version=21.0.7
2026-08-18 00:47:04,081 INFO o.a.j.JMeter: java.vm.name=OpenJDK 64-Bit Server VM
2026-08-18 00:47:04,081 INFO o.a.j.JMeter: os.name=Mac OS X
2026-08-18 00:47:04,081 INFO o.a.j.JMeter: os.arch=aarch64
2026-08-18 00:47:04,081 INFO o.a.j.JMeter: os.version=15.7.3
2026-08-18 00:47:04,081 INFO o.a.j.JMeter: file.encoding=UTF-8
2026-08-18 00:47:04,081 INFO o.a.j.JMeter: java.awt.headless=true
2026-08-18 00:47:04,082 INFO o.a.j.JMeter: Max memory     =1073741824
2026-08-18 00:47:04,082 INFO o.a.j.JMeter: Available Processors =8
2026-08-18 00:47:04,109 INFO o.a.j.JMeter: Default Locale=English (EN)
2026-08-18 00:47:04,110 INFO o.a.j.JMeter: JMeter  Locale=English (EN)
2026-08-18 00:47:04,110 INFO o.a.j.JMeter: JMeterHome=/opt/homebrew/Cellar/jmeter/5.6.3/libexec
2026-08-18 00:47:04,111 INFO o.a.j.JMeter: user.dir  =/Users/nguyenphanthangthong/hacking/ctf/learning/hw05
2026-08-18 00:47:04,111 INFO o.a.j.JMeter: PWD       =/Users/nguyenphanthangthong/hacking/ctf/learning/hw05
2026-08-18 00:47:04,113 INFO o.a.j.JMeter: IP: 127.0.0.1 Name: MacBook-Pro-cua-HuLi.local FullName: localhost
2026-08-18 00:47:04,132 INFO o.a.j.JMeter: Setting property 'jmeter.reportgenerator.outputdir' to:'/Users/nguyenphanthangthong/hacking/ctf/learning/hw05/results/spike_baseline_html'
2026-08-18 00:47:04,136 INFO o.a.j.s.FileServer: Default base='/Users/nguyenphanthangthong/hacking/ctf/learning/hw05'
2026-08-18 00:47:04,138 INFO o.a.j.s.FileServer: Set new base='/Users/nguyenphanthangthong/hacking/ctf/learning/hw05/test-plans'
2026-08-18 00:47:04,559 INFO o.a.j.s.SaveService: Testplan (JMX) version: 2.2. Testlog (JTL) version: 2.2
2026-08-18 00:47:04,650 INFO o.a.j.s.SaveService: Using SaveService properties version 5.0
2026-08-18 00:47:04,654 INFO o.a.j.s.SaveService: Using SaveService properties file encoding UTF-8
2026-08-18 00:47:04,660 INFO o.a.j.s.SaveService: Loading file: test-plans/23127081_Spike_20260816.jmx
2026-08-18 00:47:04,843 INFO o.a.j.p.h.s.HTTPSamplerBase: Parser for text/html is org.apache.jmeter.protocol.http.parser.LagartoBasedHtmlParser
2026-08-18 00:47:04,844 INFO o.a.j.p.h.s.HTTPSamplerBase: Parser for application/xhtml+xml is org.apache.jmeter.protocol.http.parser.LagartoBasedHtmlParser
2026-08-18 00:47:04,844 INFO o.a.j.p.h.s.HTTPSamplerBase: Parser for application/xml is org.apache.jmeter.protocol.http.parser.LagartoBasedHtmlParser
2026-08-18 00:47:04,844 INFO o.a.j.p.h.s.HTTPSamplerBase: Parser for text/xml is org.apache.jmeter.protocol.http.parser.LagartoBasedHtmlParser
2026-08-18 00:47:04,844 INFO o.a.j.p.h.s.HTTPSamplerBase: Parser for text/vnd.wap.wml is org.apache.jmeter.protocol.http.parser.RegexpHTMLParser
2026-08-18 00:47:04,844 INFO o.a.j.p.h.s.HTTPSamplerBase: Parser for text/css is org.apache.jmeter.protocol.http.parser.CssParser
2026-08-18 00:47:04,889 INFO o.a.j.JMeter: Creating summariser <summary>
2026-08-18 00:47:04,896 INFO o.a.j.r.d.ReportGenerator: ReportGenerator will use for Parsing the separator: ','
2026-08-18 00:47:04,896 INFO o.a.j.r.d.ReportGenerator: Will generate report at end of test from  results file: results/spike_baseline.jtl
2026-08-18 00:47:04,896 INFO o.a.j.r.d.ReportGenerator: Reading report generator properties from: /opt/homebrew/Cellar/jmeter/5.6.3/libexec/bin/reportgenerator.properties
2026-08-18 00:47:04,897 INFO o.a.j.r.d.ReportGenerator: Merging with JMeter properties
2026-08-18 00:47:04,903 INFO o.a.j.r.c.ReportGeneratorConfiguration: Property 'jmeter.reportgenerator.temp_dir' not found, using default value 'temp' instead.
2026-08-18 00:47:04,905 INFO o.a.j.r.c.ReportGeneratorConfiguration: Property 'jmeter.reportgenerator.apdex_per_transaction' not found, using default value 'null' instead.
2026-08-18 00:47:04,906 INFO o.a.j.r.c.ReportGeneratorConfiguration: apdex_per_transaction is empty, not APDEX per transaction customization
2026-08-18 00:47:04,906 INFO o.a.j.r.c.ReportGeneratorConfiguration: Property 'jmeter.reportgenerator.sample_filter' not found, using default value 'null' instead.
2026-08-18 00:47:04,906 INFO o.a.j.r.c.ReportGeneratorConfiguration: Property 'jmeter.reportgenerator.report_title' not found, using default value 'null' instead.
2026-08-18 00:47:04,906 INFO o.a.j.r.c.ReportGeneratorConfiguration: Property 'jmeter.reportgenerator.start_date' not found, using default value 'null' instead.
2026-08-18 00:47:04,906 INFO o.a.j.r.c.ReportGeneratorConfiguration: Property 'jmeter.reportgenerator.end_date' not found, using default value 'null' instead.
2026-08-18 00:47:04,906 INFO o.a.j.r.c.ReportGeneratorConfiguration: Property 'jmeter.reportgenerator.date_format' not found, using default value 'null' instead.
2026-08-18 00:47:04,907 INFO o.a.j.r.c.ReportGeneratorConfiguration: Will use date range start date: null, end date: null
2026-08-18 00:47:04,912 INFO o.a.j.r.c.ReportGeneratorConfiguration: Property 'jmeter.reportgenerator.graph.totalTPS.exclude_controllers' not found, using default value 'false' instead.
2026-08-18 00:47:04,912 INFO o.a.j.r.c.ReportGeneratorConfiguration: Property 'jmeter.reportgenerator.graph.activeThreadsOverTime.exclude_controllers' not found, using default value 'false' instead.
2026-08-18 00:47:04,912 INFO o.a.j.r.c.ReportGeneratorConfiguration: Property 'jmeter.reportgenerator.graph.timeVsThreads.exclude_controllers' not found, using default value 'false' instead.
2026-08-18 00:47:04,912 INFO o.a.j.r.c.ReportGeneratorConfiguration: Property 'jmeter.reportgenerator.graph.responseTimeDistribution.exclude_controllers' not found, using default value 'false' instead.
2026-08-18 00:47:04,912 INFO o.a.j.r.c.ReportGeneratorConfiguration: Property 'jmeter.reportgenerator.graph.transactionsPerSecond.exclude_controllers' not found, using default value 'false' instead.
2026-08-18 00:47:04,913 INFO o.a.j.r.c.ReportGeneratorConfiguration: Property 'jmeter.reportgenerator.graph.responseTimePercentiles.exclude_controllers' not found, using default value 'false' instead.
2026-08-18 00:47:04,913 INFO o.a.j.r.c.ReportGeneratorConfiguration: Property 'jmeter.reportgenerator.graph.responseTimePercentilesOverTime.exclude_controllers' not found, using default value 'false' instead.
2026-08-18 00:47:04,913 INFO o.a.j.r.c.ReportGeneratorConfiguration: Property 'jmeter.reportgenerator.graph.responseTimesOverTime.exclude_controllers' not found, using default value 'false' instead.
2026-08-18 00:47:04,913 INFO o.a.j.r.c.ReportGeneratorConfiguration: Property 'jmeter.reportgenerator.graph.connectTimeOverTime.exclude_controllers' not found, using default value 'false' instead.
2026-08-18 00:47:04,913 INFO o.a.j.r.c.ReportGeneratorConfiguration: Property 'jmeter.reportgenerator.graph.latenciesOverTime.exclude_controllers' not found, using default value 'false' instead.
2026-08-18 00:47:04,914 INFO o.a.j.r.c.ReportGeneratorConfiguration: Property 'jmeter.reportgenerator.exporter.json.filters_only_sample_series' not found, using default value 'true' instead.
2026-08-18 00:47:04,915 INFO o.a.j.r.c.ReportGeneratorConfiguration: Property 'jmeter.reportgenerator.exporter.json.series_filter' not found, using default value '' instead.
2026-08-18 00:47:04,915 INFO o.a.j.r.c.ReportGeneratorConfiguration: Property 'jmeter.reportgenerator.exporter.json.show_controllers_only' not found, using default value 'false' instead.
2026-08-18 00:47:04,915 INFO o.a.j.r.c.ReportGeneratorConfiguration: Property 'jmeter.reportgenerator.exporter.html.filters_only_sample_series' not found, using default value 'true' instead.
2026-08-18 00:47:04,915 INFO o.a.j.r.c.ReportGeneratorConfiguration: Property 'jmeter.reportgenerator.exporter.html.series_filter' not found, using default value '' instead.
2026-08-18 00:47:04,915 INFO o.a.j.r.c.ReportGeneratorConfiguration: Property 'jmeter.reportgenerator.exporter.html.show_controllers_only' not found, using default value 'false' instead.
2026-08-18 00:47:04,966 INFO o.a.j.e.StandardJMeterEngine: Running the test!
2026-08-18 00:47:04,967 INFO o.a.j.s.SampleEvent: List of sample_variables: []
2026-08-18 00:47:04,967 INFO o.a.j.s.SampleEvent: List of sample_variables: []
2026-08-18 00:47:04,974 INFO o.a.j.e.u.CompoundVariable: Note: Function class names must contain the string: '.functions.'
2026-08-18 00:47:04,975 INFO o.a.j.e.u.CompoundVariable: Note: Function class names must not contain the string: '.gui.'
2026-08-18 00:47:05,065 INFO o.a.j.r.ClassFinder: Will scan jar /opt/homebrew/Cellar/jmeter/5.6.3/libexec/lib/ext/jmeter-plugins-manager-1.9.jar with filter ExtendsClassFilter [parents=[interface org.apache.jmeter.functions.Function], inner=false, contains=null, notContains=null]. Consider exposing JMeter plugins via META-INF/services, and add JMeter-Skip-Class-Scanning=true manifest attribute so JMeter can skip classfile scanning
2026-08-18 00:47:05,223 INFO o.a.j.JMeter: Running test (1786988825223)
2026-08-18 00:47:05,247 INFO o.a.j.e.StandardJMeterEngine: Starting ThreadGroup: 1 : Spike transaction stage
2026-08-18 00:47:05,247 INFO o.a.j.e.StandardJMeterEngine: Starting 2 threads for group Spike transaction stage.
2026-08-18 00:47:05,248 INFO o.a.j.e.StandardJMeterEngine: Thread will continue on error
2026-08-18 00:47:05,248 INFO o.a.j.t.ThreadGroup: Starting thread group... number=1 threads=2 ramp-up=1 delayedStart=false
2026-08-18 00:47:05,255 INFO o.a.j.t.ThreadGroup: Started thread group number 1
2026-08-18 00:47:05,255 INFO o.a.j.e.StandardJMeterEngine: All thread groups have been started
2026-08-18 00:47:05,315 INFO o.a.j.t.JMeterThread: Thread started: Spike transaction stage 1-1
2026-08-18 00:47:05,317 INFO o.a.j.s.FileServer: Stored: /Users/nguyenphanthangthong/hacking/ctf/learning/hw05/test-data/transaction_input.csv
2026-08-18 00:47:05,815 INFO o.a.j.t.JMeterThread: Thread started: Spike transaction stage 1-2
2026-08-18 00:47:05,864 INFO o.a.j.p.h.s.HTTPHCAbstractImpl: Local host = MacBook-Pro-cua-HuLi.local
2026-08-18 00:47:05,881 INFO o.a.j.p.h.s.HTTPHC4Impl: HTTP request retry count = 0
2026-08-18 00:47:05,889 INFO o.a.j.s.SampleResult: Note: Sample TimeStamps are START times
2026-08-18 00:47:05,889 INFO o.a.j.s.SampleResult: sampleresult.default.encoding is set to UTF-8
2026-08-18 00:47:05,889 INFO o.a.j.s.SampleResult: sampleresult.useNanoTime=true
2026-08-18 00:47:05,889 INFO o.a.j.s.SampleResult: sampleresult.nanoThreadSleep=5000
2026-08-18 00:47:30,125 INFO o.a.j.r.Summariser: summary +     94 in 00:00:25 =    3.8/s Avg:     9 Min:     2 Max:    52 Err:     0 (0.00%) Active: 2 Started: 2 Finished: 0
2026-08-18 00:48:00,396 INFO o.a.j.r.Summariser: summary +    118 in 00:00:30 =    3.9/s Avg:     7 Min:     2 Max:    35 Err:     0 (0.00%) Active: 2 Started: 2 Finished: 0
2026-08-18 00:48:00,398 INFO o.a.j.r.Summariser: summary =    212 in 00:00:55 =    3.8/s Avg:     8 Min:     2 Max:    52 Err:     0 (0.00%)
2026-08-18 00:48:04,998 INFO o.a.j.t.JMeterThread: Thread finished: Spike transaction stage 1-2
2026-08-18 00:48:05,080 INFO o.a.j.t.JMeterThread: Thread finished: Spike transaction stage 1-1
2026-08-18 00:48:05,080 INFO o.a.j.e.StandardJMeterEngine: Notifying test listeners of end of test
2026-08-18 00:48:05,080 INFO o.a.j.s.FileServer: Close: /Users/nguyenphanthangthong/hacking/ctf/learning/hw05/test-data/transaction_input.csv
2026-08-18 00:48:05,081 INFO o.a.j.r.Summariser: summary +     19 in 00:00:05 =    4.1/s Avg:     5 Min:     2 Max:    12 Err:     0 (0.00%) Active: 0 Started: 2 Finished: 2
2026-08-18 00:48:05,082 INFO o.a.j.r.Summariser: summary =    231 in 00:01:00 =    3.9/s Avg:     8 Min:     2 Max:    52 Err:     0 (0.00%)
2026-08-18 00:48:05,082 INFO o.a.j.JMeter: Generating Dashboard
2026-08-18 00:48:05,083 INFO o.a.j.r.d.ReportGenerator: Flushing result collector before report Generation
2026-08-18 00:48:05,103 INFO o.a.j.r.p.NormalizerSampleConsumer: Using format, 'ms', to parse timeStamp field
2026-08-18 00:48:05,228 INFO o.a.j.r.p.AbstractSampleConsumer: class org.apache.jmeter.report.processor.AggregateConsumer#stopProducing(): beginDate produced 0 samples
2026-08-18 00:48:05,228 INFO o.a.j.r.p.AbstractSampleConsumer: class org.apache.jmeter.report.processor.AggregateConsumer#stopProducing(): endDate produced 0 samples
2026-08-18 00:48:05,231 INFO o.a.j.r.p.AbstractSampleConsumer: class org.apache.jmeter.report.processor.ApdexSummaryConsumer#stopProducing(): apdexSummary produced 0 samples
2026-08-18 00:48:05,231 INFO o.a.j.r.p.AbstractSampleConsumer: class org.apache.jmeter.report.processor.RequestsSummaryConsumer#stopProducing(): requestsSummary produced 0 samples
2026-08-18 00:48:05,237 INFO o.a.j.r.p.AbstractSampleConsumer: class org.apache.jmeter.report.processor.StatisticsSummaryConsumer#stopProducing(): statisticsSummary produced 0 samples
2026-08-18 00:48:05,239 INFO o.a.j.r.p.AbstractSampleConsumer: class org.apache.jmeter.report.processor.Top5ErrorsBySamplerConsumer#stopProducing(): top5ErrorsBySampler produced 0 samples
2026-08-18 00:48:05,240 INFO o.a.j.r.p.AbstractSampleConsumer: class org.apache.jmeter.report.processor.ErrorsSummaryConsumer#stopProducing(): errorsSummary produced 0 samples
2026-08-18 00:48:05,240 INFO o.a.j.r.p.AbstractSampleConsumer: class org.apache.jmeter.report.processor.graph.impl.HitsPerSecondGraphConsumer#stopProducing(): hitsPerSecond produced 0 samples
2026-08-18 00:48:05,266 INFO o.a.j.r.p.AbstractSampleConsumer: class org.apache.jmeter.report.processor.graph.impl.LatencyVSRequestGraphConsumer#stopProducing(): latencyVsRequest produced 0 samples
2026-08-18 00:48:05,266 INFO o.a.j.r.p.AbstractSampleConsumer: class org.apache.jmeter.report.processor.graph.impl.SyntheticResponseTimeDistributionGraphConsumer#stopProducing(): syntheticResponseTimeDistribution produced 0 samples
2026-08-18 00:48:05,267 INFO o.a.j.r.p.AbstractSampleConsumer: class org.apache.jmeter.report.processor.graph.impl.BytesThroughputGraphConsumer#stopProducing(): bytesThroughputOverTime produced 0 samples
2026-08-18 00:48:05,267 INFO o.a.j.r.p.AbstractSampleConsumer: class org.apache.jmeter.report.processor.graph.impl.CodesPerSecondGraphConsumer#stopProducing(): codesPerSecond produced 0 samples
2026-08-18 00:48:05,275 INFO o.a.j.r.p.AbstractSampleConsumer: class org.apache.jmeter.report.processor.graph.impl.ResponseTimeVSRequestGraphConsumer#stopProducing(): responseTimeVsRequest produced 0 samples
2026-08-18 00:48:05,275 INFO o.a.j.r.p.AbstractSampleConsumer: class org.apache.jmeter.report.processor.FilterConsumer#stopProducing(): startIntervalControlerFilter produced 1617 samples
2026-08-18 00:48:05,275 INFO o.a.j.r.p.AbstractSampleConsumer: class org.apache.jmeter.report.processor.graph.impl.TotalTPSGraphConsumer#stopProducing(): totalTPS produced 0 samples
2026-08-18 00:48:05,276 INFO o.a.j.r.p.AbstractSampleConsumer: class org.apache.jmeter.report.processor.graph.impl.ActiveThreadsGraphConsumer#stopProducing(): activeThreadsOverTime produced 0 samples
2026-08-18 00:48:05,276 INFO o.a.j.r.p.AbstractSampleConsumer: class org.apache.jmeter.report.processor.graph.impl.TimeVSThreadGraphConsumer#stopProducing(): timeVsThreads produced 0 samples
2026-08-18 00:48:05,276 INFO o.a.j.r.p.AbstractSampleConsumer: class org.apache.jmeter.report.processor.graph.impl.ResponseTimeDistributionGraphConsumer#stopProducing(): responseTimeDistribution produced 0 samples
2026-08-18 00:48:05,276 INFO o.a.j.r.p.AbstractSampleConsumer: class org.apache.jmeter.report.processor.graph.impl.TransactionsPerSecondGraphConsumer#stopProducing(): transactionsPerSecond produced 0 samples
2026-08-18 00:48:05,276 INFO o.a.j.r.p.AbstractSampleConsumer: class org.apache.jmeter.report.processor.graph.impl.ResponseTimePercentilesGraphConsumer#stopProducing(): responseTimePercentiles produced 0 samples
2026-08-18 00:48:05,279 INFO o.a.j.r.p.AbstractSampleConsumer: class org.apache.jmeter.report.processor.graph.impl.ResponseTimePercentilesOverTimeGraphConsumer#stopProducing(): responseTimePercentilesOverTime produced 0 samples
2026-08-18 00:48:05,280 INFO o.a.j.r.p.AbstractSampleConsumer: class org.apache.jmeter.report.processor.graph.impl.ResponseTimeOverTimeGraphConsumer#stopProducing(): responseTimesOverTime produced 0 samples
2026-08-18 00:48:05,280 INFO o.a.j.r.p.AbstractSampleConsumer: class org.apache.jmeter.report.processor.graph.impl.ConnectTimeOverTimeGraphConsumer#stopProducing(): connectTimeOverTime produced 0 samples
2026-08-18 00:48:05,280 INFO o.a.j.r.p.AbstractSampleConsumer: class org.apache.jmeter.report.processor.graph.impl.LatencyOverTimeGraphConsumer#stopProducing(): latenciesOverTime produced 0 samples
2026-08-18 00:48:05,280 INFO o.a.j.r.p.AbstractSampleConsumer: class org.apache.jmeter.report.processor.FilterConsumer#stopProducing(): nameFilter produced 3465 samples
2026-08-18 00:48:05,281 INFO o.a.j.r.p.AbstractSampleConsumer: class org.apache.jmeter.report.processor.FilterConsumer#stopProducing(): dateRangeFilter produced 693 samples
2026-08-18 00:48:05,281 INFO o.a.j.r.p.AbstractSampleConsumer: class org.apache.jmeter.report.processor.NormalizerSampleConsumer#stopProducing(): normalizer produced 231 samples
2026-08-18 00:48:05,281 INFO o.a.j.r.p.CsvFileSampleSource: produce(): 231 samples produced in 143ms on channel 0
2026-08-18 00:48:05,282 INFO o.a.j.r.d.ReportGenerator: Exporting data using exporter:'json' of className:'org.apache.jmeter.report.dashboard.JsonExporter'
2026-08-18 00:48:05,408 INFO o.a.j.r.d.JsonExporter: Found data for consumer statisticsSummary in context
2026-08-18 00:48:05,409 INFO o.a.j.r.d.JsonExporter: Creating statistics for overall
2026-08-18 00:48:05,409 INFO o.a.j.r.d.JsonExporter: Creating statistics for other transactions
2026-08-18 00:48:05,410 INFO o.a.j.r.d.JsonExporter: Checking output folder
2026-08-18 00:48:05,411 INFO o.a.j.r.d.JsonExporter: Writing statistics JSON to /Users/nguyenphanthangthong/hacking/ctf/learning/hw05/results/spike_baseline_html/statistics.json
2026-08-18 00:48:05,482 INFO o.a.j.r.d.ReportGenerator: Exporting data using exporter:'html' of className:'org.apache.jmeter.report.dashboard.HtmlTemplateExporter'
2026-08-18 00:48:05,485 INFO o.a.j.r.d.HtmlTemplateExporter: Will generate dashboard in folder: /Users/nguyenphanthangthong/hacking/ctf/learning/hw05/results/spike_baseline_html
2026-08-18 00:48:05,768 INFO o.a.j.r.d.HtmlTemplateExporter: Report will be generated in: /Users/nguyenphanthangthong/hacking/ctf/learning/hw05/results/spike_baseline_html, creating folder structure
2026-08-18 00:48:05,773 INFO o.a.j.r.d.TemplateVisitor: Copying folder from '/opt/homebrew/Cellar/jmeter/5.6.3/libexec/bin/report-template' to '/Users/nguyenphanthangthong/hacking/ctf/learning/hw05/results/spike_baseline_html', got message: /Users/nguyenphanthangthong/hacking/ctf/learning/hw05/results/spike_baseline_html, found non empty folder with following content [/Users/nguyenphanthangthong/hacking/ctf/learning/hw05/results/spike_baseline_html/statistics.json], will be ignored
2026-08-18 00:48:06,313 INFO o.a.j.JMeter: Dashboard generated
