2026-08-18 00:43:03,193 INFO o.a.j.u.JMeterUtils: Setting Locale to en_EN
2026-08-18 00:43:03,281 INFO o.a.j.JMeter: Loading user properties from: /opt/homebrew/Cellar/jmeter/5.6.3/libexec/bin/user.properties
2026-08-18 00:43:03,283 INFO o.a.j.JMeter: Loading system properties from: /opt/homebrew/Cellar/jmeter/5.6.3/libexec/bin/system.properties
2026-08-18 00:43:03,294 INFO o.a.j.JMeter: Copyright (c) 1998-2024 The Apache Software Foundation
2026-08-18 00:43:03,295 INFO o.a.j.JMeter: Version 5.6.3
2026-08-18 00:43:03,295 INFO o.a.j.JMeter: java.version=21.0.7
2026-08-18 00:43:03,295 INFO o.a.j.JMeter: java.vm.name=OpenJDK 64-Bit Server VM
2026-08-18 00:43:03,295 INFO o.a.j.JMeter: os.name=Mac OS X
2026-08-18 00:43:03,295 INFO o.a.j.JMeter: os.arch=aarch64
2026-08-18 00:43:03,295 INFO o.a.j.JMeter: os.version=15.7.3
2026-08-18 00:43:03,295 INFO o.a.j.JMeter: file.encoding=UTF-8
2026-08-18 00:43:03,295 INFO o.a.j.JMeter: java.awt.headless=true
2026-08-18 00:43:03,295 INFO o.a.j.JMeter: Max memory     =1073741824
2026-08-18 00:43:03,296 INFO o.a.j.JMeter: Available Processors =8
2026-08-18 00:43:03,312 INFO o.a.j.JMeter: Default Locale=English (EN)
2026-08-18 00:43:03,313 INFO o.a.j.JMeter: JMeter  Locale=English (EN)
2026-08-18 00:43:03,313 INFO o.a.j.JMeter: JMeterHome=/opt/homebrew/Cellar/jmeter/5.6.3/libexec
2026-08-18 00:43:03,313 INFO o.a.j.JMeter: user.dir  =/Users/nguyenphanthangthong/hacking/ctf/learning/hw05
2026-08-18 00:43:03,313 INFO o.a.j.JMeter: PWD       =/Users/nguyenphanthangthong/hacking/ctf/learning/hw05
2026-08-18 00:43:03,317 INFO o.a.j.JMeter: IP: 127.0.0.1 Name: MacBook-Pro-cua-HuLi.local FullName: localhost
2026-08-18 00:43:03,335 INFO o.a.j.JMeter: Setting property 'jmeter.reportgenerator.outputdir' to:'/Users/nguyenphanthangthong/hacking/ctf/learning/hw05/results/stress_html'
2026-08-18 00:43:03,338 INFO o.a.j.s.FileServer: Default base='/Users/nguyenphanthangthong/hacking/ctf/learning/hw05'
2026-08-18 00:43:03,340 INFO o.a.j.s.FileServer: Set new base='/Users/nguyenphanthangthong/hacking/ctf/learning/hw05/test-plans'
2026-08-18 00:43:03,721 INFO o.a.j.s.SaveService: Testplan (JMX) version: 2.2. Testlog (JTL) version: 2.2
2026-08-18 00:43:03,790 INFO o.a.j.s.SaveService: Using SaveService properties version 5.0
2026-08-18 00:43:03,795 INFO o.a.j.s.SaveService: Using SaveService properties file encoding UTF-8
2026-08-18 00:43:03,799 INFO o.a.j.s.SaveService: Loading file: test-plans/23127081_Stress_20260816.jmx
2026-08-18 00:43:03,951 INFO o.a.j.p.h.s.HTTPSamplerBase: Parser for text/html is org.apache.jmeter.protocol.http.parser.LagartoBasedHtmlParser
2026-08-18 00:43:03,951 INFO o.a.j.p.h.s.HTTPSamplerBase: Parser for application/xhtml+xml is org.apache.jmeter.protocol.http.parser.LagartoBasedHtmlParser
2026-08-18 00:43:03,952 INFO o.a.j.p.h.s.HTTPSamplerBase: Parser for application/xml is org.apache.jmeter.protocol.http.parser.LagartoBasedHtmlParser
2026-08-18 00:43:03,952 INFO o.a.j.p.h.s.HTTPSamplerBase: Parser for text/xml is org.apache.jmeter.protocol.http.parser.LagartoBasedHtmlParser
2026-08-18 00:43:03,953 INFO o.a.j.p.h.s.HTTPSamplerBase: Parser for text/vnd.wap.wml is org.apache.jmeter.protocol.http.parser.RegexpHTMLParser
2026-08-18 00:43:03,953 INFO o.a.j.p.h.s.HTTPSamplerBase: Parser for text/css is org.apache.jmeter.protocol.http.parser.CssParser
2026-08-18 00:43:04,013 INFO o.a.j.JMeter: Creating summariser <summary>
2026-08-18 00:43:04,020 INFO o.a.j.r.d.ReportGenerator: ReportGenerator will use for Parsing the separator: ','
2026-08-18 00:43:04,020 INFO o.a.j.r.d.ReportGenerator: Will generate report at end of test from  results file: results/stress.jtl
2026-08-18 00:43:04,020 INFO o.a.j.r.d.ReportGenerator: Reading report generator properties from: /opt/homebrew/Cellar/jmeter/5.6.3/libexec/bin/reportgenerator.properties
2026-08-18 00:43:04,022 INFO o.a.j.r.d.ReportGenerator: Merging with JMeter properties
2026-08-18 00:43:04,029 INFO o.a.j.r.c.ReportGeneratorConfiguration: Property 'jmeter.reportgenerator.temp_dir' not found, using default value 'temp' instead.
2026-08-18 00:43:04,033 INFO o.a.j.r.c.ReportGeneratorConfiguration: Property 'jmeter.reportgenerator.apdex_per_transaction' not found, using default value 'null' instead.
2026-08-18 00:43:04,033 INFO o.a.j.r.c.ReportGeneratorConfiguration: apdex_per_transaction is empty, not APDEX per transaction customization
2026-08-18 00:43:04,033 INFO o.a.j.r.c.ReportGeneratorConfiguration: Property 'jmeter.reportgenerator.sample_filter' not found, using default value 'null' instead.
2026-08-18 00:43:04,034 INFO o.a.j.r.c.ReportGeneratorConfiguration: Property 'jmeter.reportgenerator.report_title' not found, using default value 'null' instead.
2026-08-18 00:43:04,034 INFO o.a.j.r.c.ReportGeneratorConfiguration: Property 'jmeter.reportgenerator.start_date' not found, using default value 'null' instead.
2026-08-18 00:43:04,034 INFO o.a.j.r.c.ReportGeneratorConfiguration: Property 'jmeter.reportgenerator.end_date' not found, using default value 'null' instead.
2026-08-18 00:43:04,034 INFO o.a.j.r.c.ReportGeneratorConfiguration: Property 'jmeter.reportgenerator.date_format' not found, using default value 'null' instead.
2026-08-18 00:43:04,035 INFO o.a.j.r.c.ReportGeneratorConfiguration: Will use date range start date: null, end date: null
2026-08-18 00:43:04,044 INFO o.a.j.r.c.ReportGeneratorConfiguration: Property 'jmeter.reportgenerator.graph.totalTPS.exclude_controllers' not found, using default value 'false' instead.
2026-08-18 00:43:04,044 INFO o.a.j.r.c.ReportGeneratorConfiguration: Property 'jmeter.reportgenerator.graph.activeThreadsOverTime.exclude_controllers' not found, using default value 'false' instead.
2026-08-18 00:43:04,044 INFO o.a.j.r.c.ReportGeneratorConfiguration: Property 'jmeter.reportgenerator.graph.timeVsThreads.exclude_controllers' not found, using default value 'false' instead.
2026-08-18 00:43:04,044 INFO o.a.j.r.c.ReportGeneratorConfiguration: Property 'jmeter.reportgenerator.graph.responseTimeDistribution.exclude_controllers' not found, using default value 'false' instead.
2026-08-18 00:43:04,045 INFO o.a.j.r.c.ReportGeneratorConfiguration: Property 'jmeter.reportgenerator.graph.transactionsPerSecond.exclude_controllers' not found, using default value 'false' instead.
2026-08-18 00:43:04,045 INFO o.a.j.r.c.ReportGeneratorConfiguration: Property 'jmeter.reportgenerator.graph.responseTimePercentiles.exclude_controllers' not found, using default value 'false' instead.
2026-08-18 00:43:04,046 INFO o.a.j.r.c.ReportGeneratorConfiguration: Property 'jmeter.reportgenerator.graph.responseTimePercentilesOverTime.exclude_controllers' not found, using default value 'false' instead.
2026-08-18 00:43:04,046 INFO o.a.j.r.c.ReportGeneratorConfiguration: Property 'jmeter.reportgenerator.graph.responseTimesOverTime.exclude_controllers' not found, using default value 'false' instead.
2026-08-18 00:43:04,046 INFO o.a.j.r.c.ReportGeneratorConfiguration: Property 'jmeter.reportgenerator.graph.connectTimeOverTime.exclude_controllers' not found, using default value 'false' instead.
2026-08-18 00:43:04,046 INFO o.a.j.r.c.ReportGeneratorConfiguration: Property 'jmeter.reportgenerator.graph.latenciesOverTime.exclude_controllers' not found, using default value 'false' instead.
2026-08-18 00:43:04,048 INFO o.a.j.r.c.ReportGeneratorConfiguration: Property 'jmeter.reportgenerator.exporter.json.filters_only_sample_series' not found, using default value 'true' instead.
2026-08-18 00:43:04,048 INFO o.a.j.r.c.ReportGeneratorConfiguration: Property 'jmeter.reportgenerator.exporter.json.series_filter' not found, using default value '' instead.
2026-08-18 00:43:04,048 INFO o.a.j.r.c.ReportGeneratorConfiguration: Property 'jmeter.reportgenerator.exporter.json.show_controllers_only' not found, using default value 'false' instead.
2026-08-18 00:43:04,048 INFO o.a.j.r.c.ReportGeneratorConfiguration: Property 'jmeter.reportgenerator.exporter.html.filters_only_sample_series' not found, using default value 'true' instead.
2026-08-18 00:43:04,049 INFO o.a.j.r.c.ReportGeneratorConfiguration: Property 'jmeter.reportgenerator.exporter.html.series_filter' not found, using default value '' instead.
2026-08-18 00:43:04,049 INFO o.a.j.r.c.ReportGeneratorConfiguration: Property 'jmeter.reportgenerator.exporter.html.show_controllers_only' not found, using default value 'false' instead.
2026-08-18 00:43:04,115 INFO o.a.j.e.StandardJMeterEngine: Running the test!
2026-08-18 00:43:04,116 INFO o.a.j.s.SampleEvent: List of sample_variables: []
2026-08-18 00:43:04,116 INFO o.a.j.s.SampleEvent: List of sample_variables: []
2026-08-18 00:43:04,122 INFO o.a.j.e.u.CompoundVariable: Note: Function class names must contain the string: '.functions.'
2026-08-18 00:43:04,122 INFO o.a.j.e.u.CompoundVariable: Note: Function class names must not contain the string: '.gui.'
2026-08-18 00:43:04,204 INFO o.a.j.r.ClassFinder: Will scan jar /opt/homebrew/Cellar/jmeter/5.6.3/libexec/lib/ext/jmeter-plugins-manager-1.9.jar with filter ExtendsClassFilter [parents=[interface org.apache.jmeter.functions.Function], inner=false, contains=null, notContains=null]. Consider exposing JMeter plugins via META-INF/services, and add JMeter-Skip-Class-Scanning=true manifest attribute so JMeter can skip classfile scanning
2026-08-18 00:43:04,346 INFO o.a.j.JMeter: Running test (1786988584346)
2026-08-18 00:43:04,370 INFO o.a.j.e.StandardJMeterEngine: Starting ThreadGroup: 1 : 30 auth users under stress
2026-08-18 00:43:04,370 INFO o.a.j.e.StandardJMeterEngine: Starting 30 threads for group 30 auth users under stress.
2026-08-18 00:43:04,370 INFO o.a.j.e.StandardJMeterEngine: Thread will continue on error
2026-08-18 00:43:04,371 INFO o.a.j.t.ThreadGroup: Starting thread group... number=1 threads=30 ramp-up=60 delayedStart=false
2026-08-18 00:43:04,415 INFO o.a.j.t.ThreadGroup: Started thread group number 1
2026-08-18 00:43:04,415 INFO o.a.j.e.StandardJMeterEngine: All thread groups have been started
2026-08-18 00:43:04,439 INFO o.a.j.t.JMeterThread: Thread started: 30 auth users under stress 1-1
2026-08-18 00:43:04,440 INFO o.a.j.s.FileServer: Stored: /Users/nguyenphanthangthong/hacking/ctf/learning/hw05/test-data/auth_input.csv
2026-08-18 00:43:04,987 INFO o.a.j.p.h.s.HTTPHCAbstractImpl: Local host = MacBook-Pro-cua-HuLi.local
2026-08-18 00:43:04,995 INFO o.a.j.p.h.s.HTTPHC4Impl: HTTP request retry count = 0
2026-08-18 00:43:04,998 INFO o.a.j.s.SampleResult: Note: Sample TimeStamps are START times
2026-08-18 00:43:04,998 INFO o.a.j.s.SampleResult: sampleresult.default.encoding is set to UTF-8
2026-08-18 00:43:04,998 INFO o.a.j.s.SampleResult: sampleresult.useNanoTime=true
2026-08-18 00:43:04,998 INFO o.a.j.s.SampleResult: sampleresult.nanoThreadSleep=5000
2026-08-18 00:43:05,155 INFO o.a.j.r.Summariser: summary +      1 in 00:00:01 =    1.2/s Avg:    55 Min:    55 Max:    55 Err:     0 (0.00%) Active: 1 Started: 1 Finished: 0
2026-08-18 00:43:06,437 INFO o.a.j.t.JMeterThread: Thread started: 30 auth users under stress 1-2
2026-08-18 00:43:08,438 INFO o.a.j.t.JMeterThread: Thread started: 30 auth users under stress 1-3
2026-08-18 00:43:10,436 INFO o.a.j.t.JMeterThread: Thread started: 30 auth users under stress 1-4
2026-08-18 00:43:12,432 INFO o.a.j.t.JMeterThread: Thread started: 30 auth users under stress 1-5
2026-08-18 00:43:14,435 INFO o.a.j.t.JMeterThread: Thread started: 30 auth users under stress 1-6
2026-08-18 00:43:16,434 INFO o.a.j.t.JMeterThread: Thread started: 30 auth users under stress 1-7
2026-08-18 00:43:18,435 INFO o.a.j.t.JMeterThread: Thread started: 30 auth users under stress 1-8
2026-08-18 00:43:20,428 INFO o.a.j.t.JMeterThread: Thread started: 30 auth users under stress 1-9
2026-08-18 00:43:22,430 INFO o.a.j.t.JMeterThread: Thread started: 30 auth users under stress 1-10
2026-08-18 00:43:24,427 INFO o.a.j.t.JMeterThread: Thread started: 30 auth users under stress 1-11
2026-08-18 00:43:26,425 INFO o.a.j.t.JMeterThread: Thread started: 30 auth users under stress 1-12
2026-08-18 00:43:28,420 INFO o.a.j.t.JMeterThread: Thread started: 30 auth users under stress 1-13
2026-08-18 00:43:30,031 INFO o.a.j.r.Summariser: summary +    332 in 00:00:25 =   13.3/s Avg:    17 Min:     3 Max:   226 Err:     0 (0.00%) Active: 13 Started: 13 Finished: 0
2026-08-18 00:43:30,032 INFO o.a.j.r.Summariser: summary =    333 in 00:00:26 =   13.0/s Avg:    17 Min:     3 Max:   226 Err:     0 (0.00%)
2026-08-18 00:43:30,428 INFO o.a.j.t.JMeterThread: Thread started: 30 auth users under stress 1-14
2026-08-18 00:43:32,418 INFO o.a.j.t.JMeterThread: Thread started: 30 auth users under stress 1-15
2026-08-18 00:43:34,424 INFO o.a.j.t.JMeterThread: Thread started: 30 auth users under stress 1-16
2026-08-18 00:43:36,422 INFO o.a.j.t.JMeterThread: Thread started: 30 auth users under stress 1-17
2026-08-18 00:43:38,416 INFO o.a.j.t.JMeterThread: Thread started: 30 auth users under stress 1-18
2026-08-18 00:43:40,416 INFO o.a.j.t.JMeterThread: Thread started: 30 auth users under stress 1-19
2026-08-18 00:43:42,410 INFO o.a.j.t.JMeterThread: Thread started: 30 auth users under stress 1-20
2026-08-18 00:43:44,413 INFO o.a.j.t.JMeterThread: Thread started: 30 auth users under stress 1-21
2026-08-18 00:43:46,411 INFO o.a.j.t.JMeterThread: Thread started: 30 auth users under stress 1-22
2026-08-18 00:43:48,411 INFO o.a.j.t.JMeterThread: Thread started: 30 auth users under stress 1-23
2026-08-18 00:43:50,406 INFO o.a.j.t.JMeterThread: Thread started: 30 auth users under stress 1-24
2026-08-18 00:43:52,406 INFO o.a.j.t.JMeterThread: Thread started: 30 auth users under stress 1-25
2026-08-18 00:43:54,411 INFO o.a.j.t.JMeterThread: Thread started: 30 auth users under stress 1-26
2026-08-18 00:43:56,404 INFO o.a.j.t.JMeterThread: Thread started: 30 auth users under stress 1-27
2026-08-18 00:43:58,398 INFO o.a.j.t.JMeterThread: Thread started: 30 auth users under stress 1-28
2026-08-18 00:44:00,113 INFO o.a.j.r.Summariser: summary +   1180 in 00:00:30 =   39.2/s Avg:    17 Min:     2 Max:   282 Err:     0 (0.00%) Active: 28 Started: 28 Finished: 0
2026-08-18 00:44:00,119 INFO o.a.j.r.Summariser: summary =   1513 in 00:00:56 =   27.1/s Avg:    17 Min:     2 Max:   282 Err:     0 (0.00%)
2026-08-18 00:44:00,397 INFO o.a.j.t.JMeterThread: Thread started: 30 auth users under stress 1-29
2026-08-18 00:44:02,399 INFO o.a.j.t.JMeterThread: Thread started: 30 auth users under stress 1-30
2026-08-18 00:44:30,278 INFO o.a.j.r.Summariser: summary +   1651 in 00:00:30 =   54.7/s Avg:    37 Min:     2 Max:   456 Err:     0 (0.00%) Active: 30 Started: 30 Finished: 0
2026-08-18 00:44:30,279 INFO o.a.j.r.Summariser: summary =   3164 in 00:01:26 =   36.8/s Avg:    28 Min:     2 Max:   456 Err:     0 (0.00%)
2026-08-18 00:45:00,155 INFO o.a.j.r.Summariser: summary +   1661 in 00:00:30 =   55.6/s Avg:    39 Min:     2 Max:   651 Err:     0 (0.00%) Active: 30 Started: 30 Finished: 0
2026-08-18 00:45:00,156 INFO o.a.j.r.Summariser: summary =   4825 in 00:01:56 =   41.7/s Avg:    32 Min:     2 Max:   651 Err:     0 (0.00%)
2026-08-18 00:45:30,026 INFO o.a.j.r.Summariser: summary +   1722 in 00:00:30 =   57.6/s Avg:    13 Min:     2 Max:   124 Err:     0 (0.00%) Active: 30 Started: 30 Finished: 0
2026-08-18 00:45:30,027 INFO o.a.j.r.Summariser: summary =   6547 in 00:02:26 =   44.9/s Avg:    27 Min:     2 Max:   651 Err:     0 (0.00%)
2026-08-18 00:46:00,050 INFO o.a.j.r.Summariser: summary +   1740 in 00:00:30 =   58.0/s Avg:    14 Min:     1 Max:   286 Err:     0 (0.00%) Active: 30 Started: 30 Finished: 0
2026-08-18 00:46:00,051 INFO o.a.j.r.Summariser: summary =   8287 in 00:02:56 =   47.2/s Avg:    24 Min:     1 Max:   651 Err:     0 (0.00%)
2026-08-18 00:46:03,906 INFO o.a.j.t.JMeterThread: Thread finished: 30 auth users under stress 1-18
2026-08-18 00:46:03,909 INFO o.a.j.t.JMeterThread: Thread finished: 30 auth users under stress 1-15
2026-08-18 00:46:03,912 INFO o.a.j.t.JMeterThread: Thread finished: 30 auth users under stress 1-11
2026-08-18 00:46:03,913 INFO o.a.j.t.JMeterThread: Thread finished: 30 auth users under stress 1-14
2026-08-18 00:46:04,007 INFO o.a.j.t.JMeterThread: Thread finished: 30 auth users under stress 1-12
2026-08-18 00:46:04,020 INFO o.a.j.t.JMeterThread: Thread finished: 30 auth users under stress 1-27
2026-08-18 00:46:04,020 INFO o.a.j.t.JMeterThread: Thread finished: 30 auth users under stress 1-23
2026-08-18 00:46:04,024 INFO o.a.j.t.JMeterThread: Thread finished: 30 auth users under stress 1-16
2026-08-18 00:46:04,024 INFO o.a.j.t.JMeterThread: Thread finished: 30 auth users under stress 1-5
2026-08-18 00:46:04,029 INFO o.a.j.t.JMeterThread: Thread finished: 30 auth users under stress 1-4
2026-08-18 00:46:04,038 INFO o.a.j.t.JMeterThread: Thread finished: 30 auth users under stress 1-19
2026-08-18 00:46:04,060 INFO o.a.j.t.JMeterThread: Thread finished: 30 auth users under stress 1-2
2026-08-18 00:46:04,060 INFO o.a.j.t.JMeterThread: Thread finished: 30 auth users under stress 1-8
2026-08-18 00:46:04,060 INFO o.a.j.t.JMeterThread: Thread finished: 30 auth users under stress 1-6
2026-08-18 00:46:04,060 INFO o.a.j.t.JMeterThread: Thread finished: 30 auth users under stress 1-28
2026-08-18 00:46:04,063 INFO o.a.j.t.JMeterThread: Thread finished: 30 auth users under stress 1-1
2026-08-18 00:46:04,141 INFO o.a.j.t.JMeterThread: Thread finished: 30 auth users under stress 1-25
2026-08-18 00:46:04,142 INFO o.a.j.t.JMeterThread: Thread finished: 30 auth users under stress 1-22
2026-08-18 00:46:04,165 INFO o.a.j.t.JMeterThread: Thread finished: 30 auth users under stress 1-20
2026-08-18 00:46:04,203 INFO o.a.j.t.JMeterThread: Thread finished: 30 auth users under stress 1-17
2026-08-18 00:46:04,209 INFO o.a.j.t.JMeterThread: Thread finished: 30 auth users under stress 1-3
2026-08-18 00:46:04,215 INFO o.a.j.t.JMeterThread: Thread finished: 30 auth users under stress 1-24
2026-08-18 00:46:04,223 INFO o.a.j.t.JMeterThread: Thread finished: 30 auth users under stress 1-9
2026-08-18 00:46:04,223 INFO o.a.j.t.JMeterThread: Thread finished: 30 auth users under stress 1-21
2026-08-18 00:46:04,223 INFO o.a.j.t.JMeterThread: Thread finished: 30 auth users under stress 1-29
2026-08-18 00:46:04,233 INFO o.a.j.t.JMeterThread: Thread finished: 30 auth users under stress 1-26
2026-08-18 00:46:04,234 INFO o.a.j.t.JMeterThread: Thread finished: 30 auth users under stress 1-10
2026-08-18 00:46:04,239 INFO o.a.j.t.JMeterThread: Thread finished: 30 auth users under stress 1-13
2026-08-18 00:46:04,407 INFO o.a.j.t.JMeterThread: Stopping because end time detected by thread: 30 auth users under stress 1-7
2026-08-18 00:46:04,407 INFO o.a.j.t.JMeterThread: Thread finished: 30 auth users under stress 1-7
2026-08-18 00:46:04,407 INFO o.a.j.t.JMeterThread: Thread finished: 30 auth users under stress 1-30
2026-08-18 00:46:04,408 INFO o.a.j.e.StandardJMeterEngine: Notifying test listeners of end of test
2026-08-18 00:46:04,408 INFO o.a.j.s.FileServer: Close: /Users/nguyenphanthangthong/hacking/ctf/learning/hw05/test-data/auth_input.csv
2026-08-18 00:46:04,415 INFO o.a.j.r.Summariser: summary +    253 in 00:00:04 =   57.9/s Avg:    12 Min:     2 Max:    55 Err:     0 (0.00%) Active: 0 Started: 30 Finished: 30
2026-08-18 00:46:04,415 INFO o.a.j.r.Summariser: summary =   8540 in 00:03:00 =   47.4/s Avg:    24 Min:     1 Max:   651 Err:     0 (0.00%)
2026-08-18 00:46:04,416 INFO o.a.j.JMeter: Generating Dashboard
2026-08-18 00:46:04,416 INFO o.a.j.r.d.ReportGenerator: Flushing result collector before report Generation
2026-08-18 00:46:04,442 INFO o.a.j.r.p.NormalizerSampleConsumer: Using format, 'ms', to parse timeStamp field
2026-08-18 00:46:05,339 INFO o.a.j.r.p.AbstractSampleConsumer: class org.apache.jmeter.report.processor.AggregateConsumer#stopProducing(): beginDate produced 0 samples
2026-08-18 00:46:05,339 INFO o.a.j.r.p.AbstractSampleConsumer: class org.apache.jmeter.report.processor.AggregateConsumer#stopProducing(): endDate produced 0 samples
2026-08-18 00:46:05,343 INFO o.a.j.r.p.AbstractSampleConsumer: class org.apache.jmeter.report.processor.ApdexSummaryConsumer#stopProducing(): apdexSummary produced 0 samples
2026-08-18 00:46:05,343 INFO o.a.j.r.p.AbstractSampleConsumer: class org.apache.jmeter.report.processor.RequestsSummaryConsumer#stopProducing(): requestsSummary produced 0 samples
2026-08-18 00:46:05,370 INFO o.a.j.r.p.AbstractSampleConsumer: class org.apache.jmeter.report.processor.StatisticsSummaryConsumer#stopProducing(): statisticsSummary produced 0 samples
2026-08-18 00:46:05,373 INFO o.a.j.r.p.AbstractSampleConsumer: class org.apache.jmeter.report.processor.Top5ErrorsBySamplerConsumer#stopProducing(): top5ErrorsBySampler produced 0 samples
2026-08-18 00:46:05,373 INFO o.a.j.r.p.AbstractSampleConsumer: class org.apache.jmeter.report.processor.ErrorsSummaryConsumer#stopProducing(): errorsSummary produced 0 samples
2026-08-18 00:46:05,374 INFO o.a.j.r.p.AbstractSampleConsumer: class org.apache.jmeter.report.processor.graph.impl.HitsPerSecondGraphConsumer#stopProducing(): hitsPerSecond produced 0 samples
2026-08-18 00:46:05,611 INFO o.a.j.r.p.AbstractSampleConsumer: class org.apache.jmeter.report.processor.graph.impl.LatencyVSRequestGraphConsumer#stopProducing(): latencyVsRequest produced 0 samples
2026-08-18 00:46:05,613 INFO o.a.j.r.p.AbstractSampleConsumer: class org.apache.jmeter.report.processor.graph.impl.SyntheticResponseTimeDistributionGraphConsumer#stopProducing(): syntheticResponseTimeDistribution produced 0 samples
2026-08-18 00:46:05,614 INFO o.a.j.r.p.AbstractSampleConsumer: class org.apache.jmeter.report.processor.graph.impl.BytesThroughputGraphConsumer#stopProducing(): bytesThroughputOverTime produced 0 samples
2026-08-18 00:46:05,614 INFO o.a.j.r.p.AbstractSampleConsumer: class org.apache.jmeter.report.processor.graph.impl.CodesPerSecondGraphConsumer#stopProducing(): codesPerSecond produced 0 samples
2026-08-18 00:46:05,803 INFO o.a.j.r.p.AbstractSampleConsumer: class org.apache.jmeter.report.processor.graph.impl.ResponseTimeVSRequestGraphConsumer#stopProducing(): responseTimeVsRequest produced 0 samples
2026-08-18 00:46:05,805 INFO o.a.j.r.p.AbstractSampleConsumer: class org.apache.jmeter.report.processor.FilterConsumer#stopProducing(): startIntervalControlerFilter produced 59780 samples
2026-08-18 00:46:05,805 INFO o.a.j.r.p.AbstractSampleConsumer: class org.apache.jmeter.report.processor.graph.impl.TotalTPSGraphConsumer#stopProducing(): totalTPS produced 0 samples
2026-08-18 00:46:05,805 INFO o.a.j.r.p.AbstractSampleConsumer: class org.apache.jmeter.report.processor.graph.impl.ActiveThreadsGraphConsumer#stopProducing(): activeThreadsOverTime produced 0 samples
2026-08-18 00:46:05,805 INFO o.a.j.r.p.AbstractSampleConsumer: class org.apache.jmeter.report.processor.graph.impl.TimeVSThreadGraphConsumer#stopProducing(): timeVsThreads produced 0 samples
2026-08-18 00:46:05,805 INFO o.a.j.r.p.AbstractSampleConsumer: class org.apache.jmeter.report.processor.graph.impl.ResponseTimeDistributionGraphConsumer#stopProducing(): responseTimeDistribution produced 0 samples
2026-08-18 00:46:05,806 INFO o.a.j.r.p.AbstractSampleConsumer: class org.apache.jmeter.report.processor.graph.impl.TransactionsPerSecondGraphConsumer#stopProducing(): transactionsPerSecond produced 0 samples
2026-08-18 00:46:05,806 INFO o.a.j.r.p.AbstractSampleConsumer: class org.apache.jmeter.report.processor.graph.impl.ResponseTimePercentilesGraphConsumer#stopProducing(): responseTimePercentiles produced 0 samples
2026-08-18 00:46:05,810 INFO o.a.j.r.p.AbstractSampleConsumer: class org.apache.jmeter.report.processor.graph.impl.ResponseTimePercentilesOverTimeGraphConsumer#stopProducing(): responseTimePercentilesOverTime produced 0 samples
2026-08-18 00:46:05,828 INFO o.a.j.r.p.AbstractSampleConsumer: class org.apache.jmeter.report.processor.graph.impl.ResponseTimeOverTimeGraphConsumer#stopProducing(): responseTimesOverTime produced 0 samples
2026-08-18 00:46:05,828 INFO o.a.j.r.p.AbstractSampleConsumer: class org.apache.jmeter.report.processor.graph.impl.ConnectTimeOverTimeGraphConsumer#stopProducing(): connectTimeOverTime produced 0 samples
2026-08-18 00:46:05,828 INFO o.a.j.r.p.AbstractSampleConsumer: class org.apache.jmeter.report.processor.graph.impl.LatencyOverTimeGraphConsumer#stopProducing(): latenciesOverTime produced 0 samples
2026-08-18 00:46:05,829 INFO o.a.j.r.p.AbstractSampleConsumer: class org.apache.jmeter.report.processor.FilterConsumer#stopProducing(): nameFilter produced 128100 samples
2026-08-18 00:46:05,829 INFO o.a.j.r.p.AbstractSampleConsumer: class org.apache.jmeter.report.processor.FilterConsumer#stopProducing(): dateRangeFilter produced 25620 samples
2026-08-18 00:46:05,829 INFO o.a.j.r.p.AbstractSampleConsumer: class org.apache.jmeter.report.processor.NormalizerSampleConsumer#stopProducing(): normalizer produced 8540 samples
2026-08-18 00:46:05,830 INFO o.a.j.r.p.CsvFileSampleSource: produce(): 8540 samples produced in 1s 350 ms on channel 0
2026-08-18 00:46:05,830 INFO o.a.j.r.d.ReportGenerator: Exporting data using exporter:'json' of className:'org.apache.jmeter.report.dashboard.JsonExporter'
2026-08-18 00:46:05,944 INFO o.a.j.r.d.JsonExporter: Found data for consumer statisticsSummary in context
2026-08-18 00:46:05,945 INFO o.a.j.r.d.JsonExporter: Creating statistics for overall
2026-08-18 00:46:05,945 INFO o.a.j.r.d.JsonExporter: Creating statistics for other transactions
2026-08-18 00:46:05,946 INFO o.a.j.r.d.JsonExporter: Checking output folder
2026-08-18 00:46:05,946 INFO o.a.j.r.d.JsonExporter: Writing statistics JSON to /Users/nguyenphanthangthong/hacking/ctf/learning/hw05/results/stress_html/statistics.json
2026-08-18 00:46:06,016 INFO o.a.j.r.d.ReportGenerator: Exporting data using exporter:'html' of className:'org.apache.jmeter.report.dashboard.HtmlTemplateExporter'
2026-08-18 00:46:06,034 INFO o.a.j.r.d.HtmlTemplateExporter: Will generate dashboard in folder: /Users/nguyenphanthangthong/hacking/ctf/learning/hw05/results/stress_html
2026-08-18 00:46:06,226 INFO o.a.j.r.d.HtmlTemplateExporter: Report will be generated in: /Users/nguyenphanthangthong/hacking/ctf/learning/hw05/results/stress_html, creating folder structure
2026-08-18 00:46:06,230 INFO o.a.j.r.d.TemplateVisitor: Copying folder from '/opt/homebrew/Cellar/jmeter/5.6.3/libexec/bin/report-template' to '/Users/nguyenphanthangthong/hacking/ctf/learning/hw05/results/stress_html', got message: /Users/nguyenphanthangthong/hacking/ctf/learning/hw05/results/stress_html, found non empty folder with following content [/Users/nguyenphanthangthong/hacking/ctf/learning/hw05/results/stress_html/statistics.json], will be ignored
2026-08-18 00:46:06,907 INFO o.a.j.JMeter: Dashboard generated
